----------------------------------------------------------------
🚀 Validating UI scene: res://core_v2/ui/retro/OYSShell.tscn
🧹 Cleaning previous screenshots for 'oysshell'...
🧪 OYS script: res://core_v2/scripts/repro_colors.oys
Godot Engine v3.6.2.stable.official.3cd3caab6 - https://godotengine.org
OpenGL ES 2.0 Renderer: Mesa Intel(R) Iris(R) Xe Graphics (TGL GT2)
 
[PerformanceMonitor] Initialized
[AudioManager] MixingDeskMusic NOT found. Using internal AudioStreamPlayers.
[PerformanceMonitor] LAG SPIKE DETECTED! FPS dropped from 60.0 to 1.0
[PerformanceMonitor] Report saved to user://performance_log.json
[SessionManager] Running script: res://core_v2/scripts/repro_colors.oys
[OYS_Interpreter] Initialized with host: SessionManager
[OYS PRINT] Reproducing colored asserts...
[OYS ASSERT] FAILED: This should PASS (Green) (test_val == 10)
SCRIPT ERROR: First argument of yield() not of type object.
          at: _on_tree_changed_for_script (res://core_v2/autoloads/SessionManager.gd:297)
[PerformanceMonitor] WARNING: CPU Budget > 70% (17.6610 ms)
[PerformanceMonitor] WARNING: CPU Budget > 70% (17.7470 ms)
[PerformanceMonitor] WARNING: CPU Budget > 70% (18.3730 ms)
[PerformanceMonitor] WARNING: CPU Budget > 70% (17.7920 ms)
[PerformanceMonitor] WARNING: CPU Budget > 70% (17.6560 ms)
[PerformanceMonitor] WARNING: CPU Budget > 70% (17.8480 ms)
[PerformanceMonitor] WARNING: CPU Budget > 70% (17.7170 ms)
[PerformanceMonitor] WARNING: CPU Budget > 70% (18.1230 ms)
[PerformanceMonitor] WARNING: CPU Budget > 70% (19.3600 ms)
[PerformanceMonitor] WARNING: CPU Budget > 70% (20.5320 ms)
[PerformanceMonitor] WARNING: CPU Budget > 70% (17.5650 ms)
[PerformanceMonitor] WARNING: CPU Budget > 70% (17.7440 ms)
[PerformanceMonitor] WARNING: CPU Budget > 70% (17.5320 ms)
[PerformanceMonitor] WARNING: CPU Budget > 70% (17.6130 ms)
[PerformanceMonitor] WARNING: CPU Budget > 70% (19.9580 ms)
[PerformanceMonitor] WARNING: CPU Budget > 70% (20.6230 ms)
[PerformanceMonitor] WARNING: CPU Budget > 70% (20.0760 ms)
[PerformanceMonitor] WARNING: CPU Budget > 70% (22.5260 ms)
[PerformanceMonitor] WARNING: CPU Budget > 70% (17.7080 ms)
[PerformanceMonitor] WARNING: CPU Budget > 70% (17.6180 ms)
[PerformanceMonitor] WARNING: CPU Budget > 70% (17.9620 ms)
[PerformanceMonitor] WARNING: CPU Budget > 70% (18.8150 ms)
[PerformanceMonitor] WARNING: CPU Budget > 70% (17.5980 ms)
[PerformanceMonitor] WARNING: CPU Budget > 70% (17.8590 ms)
[PerformanceMonitor] WARNING: CPU Budget > 70% (17.3550 ms)
[PerformanceMonitor] WARNING: CPU Budget > 70% (17.5520 ms)
[PerformanceMonitor] WARNING: CPU Budget > 70% (22.9810 ms)
[PerformanceMonitor] WARNING: CPU Budget > 70% (17.9730 ms)
[PerformanceMonitor] WARNING: CPU Budget > 70% (17.8600 ms)
[PerformanceMonitor] WARNING: CPU Budget > 70% (19.3290 ms)
[PerformanceMonitor] WARNING: CPU Budget > 70% (17.8960 ms)
[PerformanceMonitor] WARNING: CPU Budget > 70% (17.8900 ms)
[PerformanceMonitor] WARNING: CPU Budget > 70% (21.2680 ms)
[PerformanceMonitor] WARNING: CPU Budget > 70% (18.0060 ms)
[PerformanceMonitor] WARNING: CPU Budget > 70% (17.9490 ms)
[PerformanceMonitor] WARNING: CPU Budget > 70% (20.7090 ms)
[PerformanceMonitor] WARNING: CPU Budget > 70% (17.9750 ms)
[PerformanceMonitor] WARNING: CPU Budget > 70% (17.8800 ms)
[PerformanceMonitor] WARNING: CPU Budget > 70% (17.4430 ms)
[PerformanceMonitor] WARNING: CPU Budget > 70% (37.4840 ms)
[PerformanceMonitor] WARNING: CPU Budget > 70% (20.7190 ms)
[PerformanceMonitor] WARNING: CPU Budget > 70% (21.0290 ms)
[PerformanceMonitor] WARNING: CPU Budget > 70% (17.6580 ms)
[PerformanceMonitor] WARNING: CPU Budget > 70% (17.4910 ms)
[PerformanceMonitor] WARNING: CPU Budget > 70% (17.3750 ms)
[PerformanceMonitor] WARNING: CPU Budget > 70% (22.7340 ms)
[PerformanceMonitor] WARNING: CPU Budget > 70% (17.7620 ms)
[PerformanceMonitor] WARNING: CPU Budget > 70% (18.7650 ms)
[PerformanceMonitor] WARNING: CPU Budget > 70% (17.5580 ms)
[PerformanceMonitor] WARNING: CPU Budget > 70% (18.3770 ms)
[PerformanceMonitor] WARNING: CPU Budget > 70% (22.0460 ms)
[PerformanceMonitor] WARNING: CPU Budget > 70% (18.7900 ms)
[PerformanceMonitor] WARNING: CPU Budget > 70% (17.5890 ms)
[PerformanceMonitor] WARNING: CPU Budget > 70% (20.5660 ms)
[PerformanceMonitor] WARNING: CPU Budget > 70% (19.1670 ms)
[PerformanceMonitor] WARNING: CPU Budget > 70% (17.3390 ms)
[PerformanceMonitor] WARNING: CPU Budget > 70% (17.8550 ms)
[PerformanceMonitor] WARNING: CPU Budget > 70% (18.8910 ms)
[PerformanceMonitor] WARNING: CPU Budget > 70% (23.7530 ms)
[PerformanceMonitor] WARNING: CPU Budget > 70% (17.9720 ms)
[PerformanceMonitor] WARNING: CPU Budget > 70% (17.6730 ms)
[PerformanceMonitor] WARNING: CPU Budget > 70% (17.6350 ms)
[PerformanceMonitor] WARNING: CPU Budget > 70% (23.0070 ms)
[PerformanceMonitor] WARNING: CPU Budget > 70% (18.4210 ms)
[PerformanceMonitor] WARNING: CPU Budget > 70% (17.6460 ms)
[PerformanceMonitor] WARNING: CPU Budget > 70% (17.8130 ms)
[PerformanceMonitor] WARNING: CPU Budget > 70% (17.6440 ms)
[PerformanceMonitor] WARNING: CPU Budget > 70% (17.6490 ms)
[PerformanceMonitor] WARNING: CPU Budget > 70% (23.3930 ms)
[PerformanceMonitor] WARNING: CPU Budget > 70% (22.1170 ms)
[PerformanceMonitor] WARNING: CPU Budget > 70% (18.7830 ms)
[PerformanceMonitor] WARNING: CPU Budget > 70% (17.7310 ms)
[PerformanceMonitor] WARNING: CPU Budget > 70% (18.7890 ms)
[PerformanceMonitor] WARNING: CPU Budget > 70% (19.5440 ms)
[PerformanceMonitor] WARNING: CPU Budget > 70% (17.8130 ms)
[PerformanceMonitor] WARNING: CPU Budget > 70% (18.6400 ms)
[PerformanceMonitor] WARNING: CPU Budget > 70% (19.3470 ms)
[PerformanceMonitor] WARNING: CPU Budget > 70% (19.3200 ms)
[PerformanceMonitor] WARNING: CPU Budget > 70% (17.5860 ms)
[PerformanceMonitor] WARNING: CPU Budget > 70% (17.7240 ms)
[PerformanceMonitor] WARNING: CPU Budget > 70% (17.7350 ms)
[PerformanceMonitor] WARNING: CPU Budget > 70% (19.7710 ms)
[PerformanceMonitor] WARNING: CPU Budget > 70% (17.6560 ms)
[PerformanceMonitor] WARNING: CPU Budget > 70% (19.5400 ms)
[PerformanceMonitor] WARNING: CPU Budget > 70% (17.7120 ms)
[PerformanceMonitor] WARNING: CPU Budget > 70% (19.1470 ms)
[PerformanceMonitor] WARNING: CPU Budget > 70% (20.1640 ms)
[PerformanceMonitor] WARNING: CPU Budget > 70% (17.8410 ms)
[PerformanceMonitor] WARNING: CPU Budget > 70% (17.7910 ms)
[PerformanceMonitor] WARNING: CPU Budget > 70% (18.2330 ms)
[PerformanceMonitor] WARNING: CPU Budget > 70% (18.7280 ms)
[PerformanceMonitor] WARNING: CPU Budget > 70% (17.8520 ms)
[PerformanceMonitor] WARNING: CPU Budget > 70% (17.7330 ms)
[PerformanceMonitor] WARNING: CPU Budget > 70% (19.2920 ms)
[PerformanceMonitor] WARNING: CPU Budget > 70% (17.7140 ms)
[PerformanceMonitor] WARNING: CPU Budget > 70% (17.5930 ms)
[PerformanceMonitor] WARNING: CPU Budget > 70% (17.7460 ms)
[PerformanceMonitor] WARNING: CPU Budget > 70% (20.8020 ms)
[PerformanceMonitor] WARNING: CPU Budget > 70% (18.8290 ms)
[PerformanceMonitor] WARNING: CPU Budget > 70% (17.7470 ms)
[PerformanceMonitor] WARNING: CPU Budget > 70% (17.8730 ms)
[PerformanceMonitor] WARNING: CPU Budget > 70% (30.1000 ms)
[PerformanceMonitor] WARNING: CPU Budget > 70% (18.0020 ms)
[PerformanceMonitor] WARNING: CPU Budget > 70% (17.7940 ms)
[PerformanceMonitor] WARNING: CPU Budget > 70% (17.9700 ms)
[PerformanceMonitor] WARNING: CPU Budget > 70% (18.0450 ms)
[PerformanceMonitor] WARNING: CPU Budget > 70% (17.9040 ms)
[PerformanceMonitor] WARNING: CPU Budget > 70% (18.1910 ms)
[PerformanceMonitor] WARNING: CPU Budget > 70% (18.4190 ms)
[PerformanceMonitor] WARNING: CPU Budget > 70% (18.3830 ms)
[PerformanceMonitor] WARNING: CPU Budget > 70% (18.0630 ms)
[PerformanceMonitor] WARNING: CPU Budget > 70% (17.7960 ms)
[PerformanceMonitor] WARNING: CPU Budget > 70% (18.2570 ms)
[PerformanceMonitor] WARNING: CPU Budget > 70% (19.0660 ms)
[PerformanceMonitor] WARNING: CPU Budget > 70% (17.7940 ms)
[PerformanceMonitor] WARNING: CPU Budget > 70% (18.2280 ms)
[PerformanceMonitor] WARNING: CPU Budget > 70% (18.3740 ms)
[PerformanceMonitor] WARNING: CPU Budget > 70% (28.3380 ms)
[PerformanceMonitor] WARNING: CPU Budget > 70% (17.6630 ms)
[PerformanceMonitor] WARNING: CPU Budget > 70% (21.0200 ms)
[PerformanceMonitor] WARNING: CPU Budget > 70% (18.0810 ms)
[PerformanceMonitor] WARNING: CPU Budget > 70% (18.1020 ms)
[PerformanceMonitor] WARNING: CPU Budget > 70% (18.4960 ms)
[PerformanceMonitor] WARNING: CPU Budget > 70% (18.1360 ms)
[PerformanceMonitor] WARNING: CPU Budget > 70% (17.8170 ms)
[PerformanceMonitor] WARNING: CPU Budget > 70% (17.8390 ms)
[PerformanceMonitor] WARNING: CPU Budget > 70% (18.5090 ms)
[PerformanceMonitor] WARNING: CPU Budget > 70% (20.5480 ms)
[PerformanceMonitor] WARNING: CPU Budget > 70% (17.8630 ms)
[PerformanceMonitor] WARNING: CPU Budget > 70% (18.0390 ms)
[PerformanceMonitor] WARNING: CPU Budget > 70% (17.9880 ms)
[PerformanceMonitor] WARNING: CPU Budget > 70% (25.8820 ms)
[PerformanceMonitor] WARNING: CPU Budget > 70% (17.7330 ms)
[PerformanceMonitor] WARNING: CPU Budget > 70% (19.7250 ms)
[PerformanceMonitor] WARNING: CPU Budget > 70% (17.8770 ms)
[PerformanceMonitor] WARNING: CPU Budget > 70% (33.5400 ms)
[PerformanceMonitor] WARNING: CPU Budget > 70% (18.6740 ms)
[PerformanceMonitor] WARNING: CPU Budget > 70% (17.7440 ms)
[PerformanceMonitor] WARNING: CPU Budget > 70% (17.7150 ms)
[PerformanceMonitor] WARNING: CPU Budget > 70% (19.1790 ms)
[PerformanceMonitor] WARNING: CPU Budget > 70% (20.8510 ms)
[PerformanceMonitor] WARNING: CPU Budget > 70% (17.7400 ms)
[PerformanceMonitor] WARNING: CPU Budget > 70% (17.8430 ms)
[PerformanceMonitor] WARNING: CPU Budget > 70% (17.5130 ms)
[PerformanceMonitor] WARNING: CPU Budget > 70% (21.4260 ms)
[PerformanceMonitor] WARNING: CPU Budget > 70% (17.8830 ms)
[PerformanceMonitor] WARNING: CPU Budget > 70% (20.9420 ms)
[PerformanceMonitor] WARNING: CPU Budget > 70% (20.0690 ms)
[PerformanceMonitor] WARNING: CPU Budget > 70% (17.8280 ms)
[PerformanceMonitor] WARNING: CPU Budget > 70% (20.3650 ms)
[PerformanceMonitor] WARNING: CPU Budget > 70% (18.2860 ms)
[PerformanceMonitor] WARNING: CPU Budget > 70% (17.9710 ms)
[PerformanceMonitor] WARNING: CPU Budget > 70% (17.8460 ms)
[PerformanceMonitor] WARNING: CPU Budget > 70% (17.7980 ms)
[PerformanceMonitor] WARNING: CPU Budget > 70% (17.6570 ms)
[PerformanceMonitor] WARNING: CPU Budget > 70% (17.9290 ms)
[PerformanceMonitor] WARNING: CPU Budget > 70% (19.7090 ms)
[PerformanceMonitor] WARNING: CPU Budget > 70% (18.2040 ms)
[PerformanceMonitor] WARNING: CPU Budget > 70% (18.0490 ms)
[PerformanceMonitor] WARNING: CPU Budget > 70% (17.9400 ms)
[PerformanceMonitor] WARNING: CPU Budget > 70% (17.8860 ms)
[PerformanceMonitor] WARNING: CPU Budget > 70% (17.5410 ms)
[PerformanceMonitor] WARNING: CPU Budget > 70% (19.6480 ms)
[PerformanceMonitor] WARNING: CPU Budget > 70% (18.0440 ms)
[PerformanceMonitor] WARNING: CPU Budget > 70% (18.0300 ms)
[PerformanceMonitor] WARNING: CPU Budget > 70% (17.9500 ms)
[PerformanceMonitor] WARNING: CPU Budget > 70% (18.0240 ms)
[PerformanceMonitor] WARNING: CPU Budget > 70% (17.7790 ms)
[PerformanceMonitor] WARNING: CPU Budget > 70% (17.8120 ms)
[PerformanceMonitor] WARNING: CPU Budget > 70% (17.9650 ms)
[PerformanceMonitor] WARNING: CPU Budget > 70% (18.5330 ms)
[PerformanceMonitor] WARNING: CPU Budget > 70% (18.4970 ms)
[PerformanceMonitor] WARNING: CPU Budget > 70% (18.1570 ms)
[PerformanceMonitor] WARNING: CPU Budget > 70% (17.8220 ms)
[PerformanceMonitor] WARNING: CPU Budget > 70% (17.7970 ms)
[PerformanceMonitor] WARNING: CPU Budget > 70% (18.4520 ms)
[PerformanceMonitor] WARNING: CPU Budget > 70% (17.8370 ms)
[PerformanceMonitor] WARNING: CPU Budget > 70% (18.7290 ms)
[PerformanceMonitor] WARNING: CPU Budget > 70% (18.3160 ms)
[PerformanceMonitor] WARNING: CPU Budget > 70% (17.8410 ms)
[PerformanceMonitor] WARNING: CPU Budget > 70% (18.6740 ms)
[PerformanceMonitor] WARNING: CPU Budget > 70% (18.5280 ms)
[PerformanceMonitor] WARNING: CPU Budget > 70% (22.6470 ms)
[PerformanceMonitor] WARNING: CPU Budget > 70% (17.6550 ms)
[PerformanceMonitor] WARNING: CPU Budget > 70% (17.8400 ms)
[PerformanceMonitor] WARNING: CPU Budget > 70% (17.5400 ms)
[PerformanceMonitor] WARNING: CPU Budget > 70% (17.6020 ms)
[PerformanceMonitor] WARNING: CPU Budget > 70% (18.8990 ms)
[PerformanceMonitor] WARNING: CPU Budget > 70% (17.5210 ms)
[PerformanceMonitor] WARNING: CPU Budget > 70% (17.3360 ms)
[PerformanceMonitor] WARNING: CPU Budget > 70% (17.5270 ms)
[PerformanceMonitor] WARNING: CPU Budget > 70% (17.8020 ms)
[PerformanceMonitor] WARNING: CPU Budget > 70% (18.3100 ms)
[PerformanceMonitor] WARNING: CPU Budget > 70% (17.3800 ms)
[PerformanceMonitor] WARNING: CPU Budget > 70% (24.4410 ms)
[PerformanceMonitor] WARNING: CPU Budget > 70% (17.6950 ms)
[PerformanceMonitor] WARNING: CPU Budget > 70% (17.9300 ms)
[PerformanceMonitor] WARNING: CPU Budget > 70% (17.5830 ms)
[PerformanceMonitor] WARNING: CPU Budget > 70% (17.3290 ms)
[PerformanceMonitor] WARNING: CPU Budget > 70% (17.8860 ms)
[PerformanceMonitor] WARNING: CPU Budget > 70% (20.4490 ms)
[PerformanceMonitor] WARNING: CPU Budget > 70% (21.1490 ms)
[PerformanceMonitor] WARNING: CPU Budget > 70% (17.6840 ms)
[PerformanceMonitor] WARNING: CPU Budget > 70% (17.5920 ms)
[PerformanceMonitor] WARNING: CPU Budget > 70% (17.5990 ms)
[PerformanceMonitor] WARNING: CPU Budget > 70% (17.3800 ms)
[PerformanceMonitor] WARNING: CPU Budget > 70% (17.6380 ms)
[PerformanceMonitor] WARNING: CPU Budget > 70% (19.7530 ms)
[PerformanceMonitor] WARNING: CPU Budget > 70% (18.0860 ms)
[PerformanceMonitor] WARNING: CPU Budget > 70% (20.4430 ms)
[PerformanceMonitor] WARNING: CPU Budget > 70% (19.2360 ms)
[PerformanceMonitor] WARNING: CPU Budget > 70% (18.7590 ms)
[PerformanceMonitor] WARNING: CPU Budget > 70% (17.8500 ms)
[PerformanceMonitor] WARNING: CPU Budget > 70% (17.6850 ms)
[PerformanceMonitor] WARNING: CPU Budget > 70% (17.6310 ms)
[PerformanceMonitor] WARNING: CPU Budget > 70% (19.5860 ms)
[PerformanceMonitor] WARNING: CPU Budget > 70% (24.3610 ms)
[PerformanceMonitor] WARNING: CPU Budget > 70% (17.8210 ms)
[PerformanceMonitor] WARNING: CPU Budget > 70% (17.7450 ms)
[PerformanceMonitor] WARNING: CPU Budget > 70% (17.7280 ms)
[PerformanceMonitor] WARNING: CPU Budget > 70% (17.5630 ms)
[PerformanceMonitor] WARNING: CPU Budget > 70% (17.6370 ms)
[PerformanceMonitor] WARNING: CPU Budget > 70% (17.7120 ms)
[PerformanceMonitor] WARNING: CPU Budget > 70% (17.6600 ms)
[PerformanceMonitor] WARNING: CPU Budget > 70% (17.9080 ms)
[PerformanceMonitor] WARNING: CPU Budget > 70% (23.7670 ms)
[PerformanceMonitor] WARNING: CPU Budget > 70% (19.1960 ms)
[PerformanceMonitor] WARNING: CPU Budget > 70% (17.6230 ms)
[PerformanceMonitor] WARNING: CPU Budget > 70% (17.6400 ms)
[PerformanceMonitor] WARNING: CPU Budget > 70% (17.7380 ms)
[PerformanceMonitor] WARNING: CPU Budget > 70% (17.8520 ms)
[PerformanceMonitor] WARNING: CPU Budget > 70% (17.6540 ms)
[PerformanceMonitor] WARNING: CPU Budget > 70% (17.8550 ms)
[PerformanceMonitor] WARNING: CPU Budget > 70% (17.5540 ms)
[PerformanceMonitor] WARNING: CPU Budget > 70% (23.5050 ms)
[PerformanceMonitor] WARNING: CPU Budget > 70% (17.8580 ms)
[PerformanceMonitor] WARNING: CPU Budget > 70% (17.6370 ms)
[PerformanceMonitor] WARNING: CPU Budget > 70% (17.7620 ms)
[PerformanceMonitor] WARNING: CPU Budget > 70% (17.7000 ms)
[PerformanceMonitor] WARNING: CPU Budget > 70% (20.8460 ms)
[PerformanceMonitor] WARNING: CPU Budget > 70% (17.9240 ms)
[PerformanceMonitor] WARNING: CPU Budget > 70% (17.6550 ms)
[PerformanceMonitor] WARNING: CPU Budget > 70% (17.6290 ms)
[PerformanceMonitor] WARNING: CPU Budget > 70% (17.5260 ms)
[PerformanceMonitor] WARNING: CPU Budget > 70% (17.7990 ms)
[PerformanceMonitor] WARNING: CPU Budget > 70% (18.7000 ms)
[PerformanceMonitor] WARNING: CPU Budget > 70% (18.0270 ms)
[PerformanceMonitor] WARNING: CPU Budget > 70% (17.6120 ms)
[PerformanceMonitor] WARNING: CPU Budget > 70% (18.8310 ms)
[PerformanceMonitor] WARNING: CPU Budget > 70% (18.1240 ms)
[PerformanceMonitor] WARNING: CPU Budget > 70% (17.7670 ms)
[PerformanceMonitor] WARNING: CPU Budget > 70% (17.6890 ms)
[PerformanceMonitor] WARNING: CPU Budget > 70% (18.3970 ms)
[PerformanceMonitor] WARNING: CPU Budget > 70% (17.8820 ms)
[PerformanceMonitor] WARNING: CPU Budget > 70% (18.4050 ms)
[PerformanceMonitor] WARNING: CPU Budget > 70% (18.3030 ms)
[PerformanceMonitor] WARNING: CPU Budget > 70% (21.7270 ms)
[PerformanceMonitor] WARNING: CPU Budget > 70% (18.5250 ms)
[PerformanceMonitor] WARNING: CPU Budget > 70% (25.0300 ms)
[PerformanceMonitor] WARNING: CPU Budget > 70% (24.4340 ms)
[PerformanceMonitor] WARNING: CPU Budget > 70% (19.1340 ms)
[PerformanceMonitor] WARNING: CPU Budget > 70% (22.3040 ms)
[PerformanceMonitor] WARNING: CPU Budget > 70% (17.7160 ms)
[PerformanceMonitor] WARNING: CPU Budget > 70% (23.0010 ms)
[PerformanceMonitor] WARNING: CPU Budget > 70% (17.7400 ms)
[PerformanceMonitor] WARNING: CPU Budget > 70% (18.4260 ms)
[PerformanceMonitor] WARNING: CPU Budget > 70% (18.7800 ms)
[PerformanceMonitor] WARNING: CPU Budget > 70% (18.3700 ms)
[PerformanceMonitor] WARNING: CPU Budget > 70% (17.7390 ms)
[PerformanceMonitor] WARNING: CPU Budget > 70% (18.0760 ms)
[PerformanceMonitor] WARNING: CPU Budget > 70% (19.3770 ms)
[PerformanceMonitor] WARNING: CPU Budget > 70% (17.9080 ms)
[PerformanceMonitor] WARNING: CPU Budget > 70% (18.2870 ms)
[PerformanceMonitor] WARNING: CPU Budget > 70% (17.8210 ms)
[PerformanceMonitor] WARNING: CPU Budget > 70% (18.3770 ms)
[PerformanceMonitor] WARNING: CPU Budget > 70% (18.0350 ms)
[PerformanceMonitor] WARNING: CPU Budget > 70% (23.1780 ms)
[PerformanceMonitor] WARNING: CPU Budget > 70% (17.8650 ms)
[PerformanceMonitor] WARNING: CPU Budget > 70% (17.7990 ms)
[PerformanceMonitor] WARNING: CPU Budget > 70% (17.4360 ms)
[PerformanceMonitor] WARNING: CPU Budget > 70% (17.8330 ms)
[PerformanceMonitor] WARNING: CPU Budget > 70% (18.0040 ms)
[PerformanceMonitor] WARNING: CPU Budget > 70% (29.0160 ms)
[PerformanceMonitor] WARNING: CPU Budget > 70% (18.5880 ms)
[PerformanceMonitor] WARNING: CPU Budget > 70% (17.7890 ms)
[PerformanceMonitor] WARNING: CPU Budget > 70% (18.5280 ms)
[PerformanceMonitor] WARNING: CPU Budget > 70% (17.6960 ms)
[PerformanceMonitor] WARNING: CPU Budget > 70% (18.4480 ms)
[PerformanceMonitor] WARNING: CPU Budget > 70% (18.0690 ms)
[PerformanceMonitor] WARNING: CPU Budget > 70% (17.9680 ms)
[PerformanceMonitor] WARNING: CPU Budget > 70% (17.6920 ms)
[PerformanceMonitor] WARNING: CPU Budget > 70% (18.3120 ms)
[PerformanceMonitor] WARNING: CPU Budget > 70% (24.2120 ms)
[PerformanceMonitor] WARNING: CPU Budget > 70% (20.3450 ms)
[PerformanceMonitor] WARNING: CPU Budget > 70% (18.0590 ms)
[PerformanceMonitor] WARNING: CPU Budget > 70% (17.6730 ms)
[PerformanceMonitor] WARNING: CPU Budget > 70% (18.0320 ms)
[PerformanceMonitor] WARNING: CPU Budget > 70% (17.9850 ms)
[PerformanceMonitor] WARNING: CPU Budget > 70% (18.4730 ms)
[PerformanceMonitor] WARNING: CPU Budget > 70% (17.9250 ms)
[PerformanceMonitor] WARNING: CPU Budget > 70% (22.6070 ms)
[PerformanceMonitor] WARNING: CPU Budget > 70% (26.1120 ms)
[PerformanceMonitor] WARNING: CPU Budget > 70% (18.0070 ms)
[PerformanceMonitor] WARNING: CPU Budget > 70% (18.0290 ms)
[PerformanceMonitor] WARNING: CPU Budget > 70% (17.7840 ms)
[PerformanceMonitor] WARNING: CPU Budget > 70% (18.3820 ms)
[PerformanceMonitor] WARNING: CPU Budget > 70% (18.2740 ms)
[PerformanceMonitor] WARNING: CPU Budget > 70% (17.9260 ms)
[PerformanceMonitor] WARNING: CPU Budget > 70% (17.9160 ms)
[PerformanceMonitor] WARNING: CPU Budget > 70% (17.9090 ms)
[PerformanceMonitor] WARNING: CPU Budget > 70% (17.7630 ms)
[PerformanceMonitor] WARNING: CPU Budget > 70% (17.9120 ms)
[PerformanceMonitor] WARNING: CPU Budget > 70% (20.8690 ms)
[PerformanceMonitor] WARNING: CPU Budget > 70% (17.7290 ms)
[PerformanceMonitor] WARNING: CPU Budget > 70% (17.7570 ms)
[PerformanceMonitor] WARNING: CPU Budget > 70% (17.7230 ms)
[PerformanceMonitor] WARNING: CPU Budget > 70% (18.0170 ms)
[PerformanceMonitor] WARNING: CPU Budget > 70% (21.0050 ms)
[PerformanceMonitor] WARNING: CPU Budget > 70% (19.6060 ms)
[PerformanceMonitor] WARNING: CPU Budget > 70% (17.6860 ms)
[PerformanceMonitor] WARNING: CPU Budget > 70% (18.0240 ms)
[PerformanceMonitor] WARNING: CPU Budget > 70% (17.9430 ms)
[PerformanceMonitor] WARNING: CPU Budget > 70% (17.7400 ms)
[PerformanceMonitor] WARNING: CPU Budget > 70% (17.9780 ms)
[PerformanceMonitor] WARNING: CPU Budget > 70% (18.0590 ms)
[PerformanceMonitor] WARNING: CPU Budget > 70% (22.2070 ms)
[PerformanceMonitor] WARNING: CPU Budget > 70% (18.0490 ms)
[PerformanceMonitor] WARNING: CPU Budget > 70% (18.6570 ms)
[PerformanceMonitor] WARNING: CPU Budget > 70% (17.9420 ms)
[PerformanceMonitor] WARNING: CPU Budget > 70% (19.0350 ms)
[PerformanceMonitor] WARNING: CPU Budget > 70% (18.3770 ms)
[PerformanceMonitor] WARNING: CPU Budget > 70% (18.2860 ms)
[PerformanceMonitor] WARNING: CPU Budget > 70% (17.8090 ms)
[PerformanceMonitor] WARNING: CPU Budget > 70% (17.6490 ms)
[PerformanceMonitor] WARNING: CPU Budget > 70% (18.8770 ms)
[PerformanceMonitor] WARNING: CPU Budget > 70% (18.6520 ms)
[PerformanceMonitor] WARNING: CPU Budget > 70% (18.6290 ms)
[PerformanceMonitor] WARNING: CPU Budget > 70% (18.1240 ms)
[PerformanceMonitor] WARNING: CPU Budget > 70% (17.9370 ms)
[PerformanceMonitor] WARNING: CPU Budget > 70% (18.0890 ms)
[PerformanceMonitor] WARNING: CPU Budget > 70% (18.3950 ms)
[PerformanceMonitor] WARNING: CPU Budget > 70% (17.9050 ms)
[PerformanceMonitor] WARNING: CPU Budget > 70% (18.8100 ms)
[PerformanceMonitor] WARNING: CPU Budget > 70% (17.7180 ms)
[PerformanceMonitor] WARNING: CPU Budget > 70% (18.7340 ms)
[PerformanceMonitor] WARNING: CPU Budget > 70% (18.6290 ms)
[PerformanceMonitor] WARNING: CPU Budget > 70% (18.3980 ms)
[PerformanceMonitor] WARNING: CPU Budget > 70% (20.0430 ms)
[PerformanceMonitor] WARNING: CPU Budget > 70% (17.7980 ms)
[PerformanceMonitor] WARNING: CPU Budget > 70% (18.2580 ms)
[PerformanceMonitor] WARNING: CPU Budget > 70% (18.5290 ms)
[PerformanceMonitor] WARNING: CPU Budget > 70% (18.4660 ms)
[PerformanceMonitor] WARNING: CPU Budget > 70% (17.9750 ms)
[PerformanceMonitor] WARNING: CPU Budget > 70% (18.2560 ms)
[PerformanceMonitor] WARNING: CPU Budget > 70% (17.8120 ms)
[PerformanceMonitor] WARNING: CPU Budget > 70% (17.9530 ms)
[PerformanceMonitor] WARNING: CPU Budget > 70% (17.9790 ms)
[PerformanceMonitor] WARNING: CPU Budget > 70% (17.9000 ms)
[PerformanceMonitor] WARNING: CPU Budget > 70% (18.0120 ms)
[PerformanceMonitor] WARNING: CPU Budget > 70% (18.4690 ms)
[PerformanceMonitor] WARNING: CPU Budget > 70% (17.9830 ms)
[PerformanceMonitor] WARNING: CPU Budget > 70% (18.1310 ms)
[PerformanceMonitor] WARNING: CPU Budget > 70% (19.1380 ms)
[PerformanceMonitor] WARNING: CPU Budget > 70% (18.5390 ms)
[PerformanceMonitor] WARNING: CPU Budget > 70% (17.8960 ms)
[PerformanceMonitor] WARNING: CPU Budget > 70% (17.7400 ms)
[PerformanceMonitor] WARNING: CPU Budget > 70% (17.8930 ms)
[PerformanceMonitor] WARNING: CPU Budget > 70% (17.9350 ms)
[PerformanceMonitor] WARNING: CPU Budget > 70% (17.6940 ms)
[PerformanceMonitor] WARNING: CPU Budget > 70% (18.0660 ms)
[PerformanceMonitor] WARNING: CPU Budget > 70% (18.0250 ms)
[PerformanceMonitor] WARNING: CPU Budget > 70% (17.9680 ms)
[PerformanceMonitor] WARNING: CPU Budget > 70% (18.0080 ms)
[PerformanceMonitor] WARNING: CPU Budget > 70% (17.9910 ms)
[PerformanceMonitor] WARNING: CPU Budget > 70% (17.8570 ms)
[PerformanceMonitor] WARNING: CPU Budget > 70% (17.5600 ms)
[PerformanceMonitor] WARNING: CPU Budget > 70% (19.0270 ms)
[PerformanceMonitor] WARNING: CPU Budget > 70% (19.5710 ms)
[PerformanceMonitor] WARNING: CPU Budget > 70% (18.1470 ms)
[PerformanceMonitor] WARNING: CPU Budget > 70% (17.9930 ms)
[PerformanceMonitor] WARNING: CPU Budget > 70% (17.8880 ms)
[PerformanceMonitor] WARNING: CPU Budget > 70% (19.4050 ms)
[PerformanceMonitor] WARNING: CPU Budget > 70% (17.8560 ms)
[PerformanceMonitor] WARNING: CPU Budget > 70% (17.7740 ms)
[PerformanceMonitor] WARNING: CPU Budget > 70% (18.7400 ms)
[PerformanceMonitor] WARNING: CPU Budget > 70% (18.0160 ms)
[PerformanceMonitor] WARNING: CPU Budget > 70% (17.6560 ms)
[PerformanceMonitor] WARNING: CPU Budget > 70% (17.8330 ms)
[PerformanceMonitor] WARNING: CPU Budget > 70% (17.9480 ms)
[PerformanceMonitor] WARNING: CPU Budget > 70% (19.9290 ms)
[PerformanceMonitor] WARNING: CPU Budget > 70% (18.0260 ms)
[PerformanceMonitor] WARNING: CPU Budget > 70% (18.8230 ms)
[PerformanceMonitor] WARNING: CPU Budget > 70% (22.2220 ms)
[PerformanceMonitor] WARNING: CPU Budget > 70% (17.8080 ms)
[PerformanceMonitor] WARNING: CPU Budget > 70% (18.3130 ms)
[PerformanceMonitor] WARNING: CPU Budget > 70% (18.1850 ms)
[PerformanceMonitor] WARNING: CPU Budget > 70% (17.9030 ms)
[PerformanceMonitor] WARNING: CPU Budget > 70% (17.7170 ms)
[PerformanceMonitor] WARNING: CPU Budget > 70% (17.8500 ms)
[PerformanceMonitor] WARNING: CPU Budget > 70% (18.0870 ms)
[PerformanceMonitor] WARNING: CPU Budget > 70% (18.5040 ms)
[PerformanceMonitor] WARNING: CPU Budget > 70% (17.7020 ms)
[PerformanceMonitor] WARNING: CPU Budget > 70% (18.8610 ms)
[PerformanceMonitor] WARNING: CPU Budget > 70% (17.7870 ms)
[PerformanceMonitor] WARNING: CPU Budget > 70% (18.1960 ms)
[PerformanceMonitor] WARNING: CPU Budget > 70% (19.7660 ms)
[PerformanceMonitor] WARNING: CPU Budget > 70% (17.8940 ms)
[PerformanceMonitor] WARNING: CPU Budget > 70% (17.3050 ms)
[PerformanceMonitor] WARNING: CPU Budget > 70% (17.7850 ms)
[PerformanceMonitor] WARNING: CPU Budget > 70% (17.8540 ms)
[PerformanceMonitor] WARNING: CPU Budget > 70% (23.4470 ms)
[PerformanceMonitor] WARNING: CPU Budget > 70% (17.6230 ms)
[PerformanceMonitor] WARNING: CPU Budget > 70% (17.6440 ms)
[PerformanceMonitor] WARNING: CPU Budget > 70% (17.5740 ms)
[PerformanceMonitor] WARNING: CPU Budget > 70% (19.5470 ms)
[PerformanceMonitor] WARNING: CPU Budget > 70% (17.8630 ms)
[PerformanceMonitor] WARNING: CPU Budget > 70% (17.3350 ms)
[PerformanceMonitor] WARNING: CPU Budget > 70% (17.6420 ms)
[PerformanceMonitor] WARNING: CPU Budget > 70% (19.0800 ms)
[PerformanceMonitor] WARNING: CPU Budget > 70% (18.3650 ms)
[PerformanceMonitor] WARNING: CPU Budget > 70% (20.8230 ms)
[PerformanceMonitor] WARNING: CPU Budget > 70% (17.7250 ms)
[PerformanceMonitor] WARNING: CPU Budget > 70% (18.5500 ms)
[PerformanceMonitor] WARNING: CPU Budget > 70% (18.1450 ms)
[PerformanceMonitor] WARNING: CPU Budget > 70% (17.8780 ms)
[PerformanceMonitor] WARNING: CPU Budget > 70% (17.7060 ms)
[PerformanceMonitor] WARNING: CPU Budget > 70% (17.8230 ms)
[PerformanceMonitor] WARNING: CPU Budget > 70% (17.5450 ms)
[PerformanceMonitor] WARNING: CPU Budget > 70% (17.5920 ms)
[PerformanceMonitor] WARNING: CPU Budget > 70% (17.7370 ms)
[PerformanceMonitor] WARNING: CPU Budget > 70% (17.5570 ms)
[PerformanceMonitor] WARNING: CPU Budget > 70% (17.3980 ms)
[PerformanceMonitor] WARNING: CPU Budget > 70% (17.5520 ms)
[PerformanceMonitor] WARNING: CPU Budget > 70% (18.2210 ms)
[PerformanceMonitor] WARNING: CPU Budget > 70% (17.5170 ms)
[PerformanceMonitor] WARNING: CPU Budget > 70% (17.4300 ms)
[PerformanceMonitor] WARNING: CPU Budget > 70% (20.9310 ms)
[PerformanceMonitor] WARNING: CPU Budget > 70% (20.5320 ms)
[PerformanceMonitor] WARNING: CPU Budget > 70% (17.8410 ms)
[PerformanceMonitor] WARNING: CPU Budget > 70% (17.7030 ms)
[PerformanceMonitor] WARNING: CPU Budget > 70% (17.6940 ms)
[PerformanceMonitor] WARNING: CPU Budget > 70% (17.8610 ms)
[PerformanceMonitor] WARNING: CPU Budget > 70% (17.7940 ms)
[PerformanceMonitor] WARNING: CPU Budget > 70% (17.6640 ms)
[PerformanceMonitor] WARNING: CPU Budget > 70% (17.7090 ms)
[PerformanceMonitor] WARNING: CPU Budget > 70% (17.8910 ms)
[PerformanceMonitor] WARNING: CPU Budget > 70% (17.3910 ms)
[PerformanceMonitor] WARNING: CPU Budget > 70% (17.4860 ms)
[PerformanceMonitor] WARNING: CPU Budget > 70% (22.0320 ms)
[PerformanceMonitor] WARNING: CPU Budget > 70% (17.7900 ms)
[PerformanceMonitor] WARNING: CPU Budget > 70% (17.6750 ms)
[PerformanceMonitor] WARNING: CPU Budget > 70% (23.6540 ms)
[PerformanceMonitor] WARNING: CPU Budget > 70% (17.3880 ms)
[PerformanceMonitor] WARNING: CPU Budget > 70% (17.6360 ms)
[PerformanceMonitor] WARNING: CPU Budget > 70% (17.6280 ms)
[PerformanceMonitor] WARNING: CPU Budget > 70% (20.9170 ms)
[PerformanceMonitor] WARNING: CPU Budget > 70% (17.5670 ms)
[PerformanceMonitor] WARNING: CPU Budget > 70% (17.6650 ms)
[PerformanceMonitor] WARNING: CPU Budget > 70% (17.6690 ms)
[PerformanceMonitor] WARNING: CPU Budget > 70% (17.7520 ms)
[PerformanceMonitor] WARNING: CPU Budget > 70% (17.8070 ms)
[PerformanceMonitor] WARNING: CPU Budget > 70% (17.5910 ms)
[PerformanceMonitor] WARNING: CPU Budget > 70% (21.4030 ms)
[PerformanceMonitor] WARNING: CPU Budget > 70% (17.6850 ms)
[PerformanceMonitor] WARNING: CPU Budget > 70% (17.6150 ms)
[PerformanceMonitor] WARNING: CPU Budget > 70% (17.8980 ms)
[PerformanceMonitor] WARNING: CPU Budget > 70% (17.3150 ms)
[PerformanceMonitor] WARNING: CPU Budget > 70% (17.3400 ms)
[PerformanceMonitor] WARNING: CPU Budget > 70% (17.7860 ms)
[PerformanceMonitor] WARNING: CPU Budget > 70% (17.7370 ms)
[PerformanceMonitor] WARNING: CPU Budget > 70% (17.6050 ms)
[PerformanceMonitor] WARNING: CPU Budget > 70% (17.6990 ms)
[PerformanceMonitor] WARNING: CPU Budget > 70% (17.6720 ms)
[PerformanceMonitor] WARNING: CPU Budget > 70% (17.7120 ms)
[PerformanceMonitor] WARNING: CPU Budget > 70% (17.7270 ms)
[PerformanceMonitor] WARNING: CPU Budget > 70% (17.6050 ms)
[PerformanceMonitor] WARNING: CPU Budget > 70% (17.7780 ms)
[PerformanceMonitor] WARNING: CPU Budget > 70% (17.7140 ms)
[PerformanceMonitor] WARNING: CPU Budget > 70% (17.6490 ms)
[PerformanceMonitor] WARNING: CPU Budget > 70% (17.9140 ms)
[PerformanceMonitor] WARNING: CPU Budget > 70% (17.7330 ms)
[PerformanceMonitor] WARNING: CPU Budget > 70% (17.5420 ms)
[PerformanceMonitor] WARNING: CPU Budget > 70% (17.9340 ms)
[PerformanceMonitor] WARNING: CPU Budget > 70% (17.7540 ms)
[PerformanceMonitor] WARNING: CPU Budget > 70% (19.6260 ms)
[PerformanceMonitor] WARNING: CPU Budget > 70% (21.1130 ms)
[PerformanceMonitor] WARNING: CPU Budget > 70% (17.3060 ms)
[PerformanceMonitor] WARNING: CPU Budget > 70% (18.9610 ms)
[PerformanceMonitor] WARNING: CPU Budget > 70% (19.7070 ms)
[PerformanceMonitor] WARNING: CPU Budget > 70% (18.7490 ms)
[PerformanceMonitor] WARNING: CPU Budget > 70% (18.4940 ms)
[PerformanceMonitor] WARNING: CPU Budget > 70% (19.0930 ms)
[PerformanceMonitor] WARNING: CPU Budget > 70% (21.1190 ms)
[PerformanceMonitor] WARNING: CPU Budget > 70% (24.4450 ms)
[PerformanceMonitor] WARNING: CPU Budget > 70% (17.8200 ms)
[PerformanceMonitor] WARNING: CPU Budget > 70% (17.4180 ms)
[PerformanceMonitor] WARNING: CPU Budget > 70% (17.3820 ms)
[PerformanceMonitor] WARNING: CPU Budget > 70% (17.9620 ms)
[PerformanceMonitor] WARNING: CPU Budget > 70% (17.7410 ms)
[PerformanceMonitor] WARNING: CPU Budget > 70% (17.4680 ms)
[PerformanceMonitor] WARNING: CPU Budget > 70% (17.7260 ms)
[PerformanceMonitor] WARNING: CPU Budget > 70% (63.3990 ms)
[PerformanceMonitor] WARNING: CPU Budget > 70% (17.6330 ms)
[PerformanceMonitor] WARNING: CPU Budget > 70% (17.9660 ms)
[PerformanceMonitor] WARNING: CPU Budget > 70% (17.6590 ms)
[PerformanceMonitor] WARNING: CPU Budget > 70% (17.8780 ms)
[PerformanceMonitor] WARNING: CPU Budget > 70% (17.9590 ms)
[PerformanceMonitor] WARNING: CPU Budget > 70% (17.5740 ms)
[PerformanceMonitor] WARNING: CPU Budget > 70% (17.5800 ms)
[PerformanceMonitor] WARNING: CPU Budget > 70% (17.5480 ms)
[PerformanceMonitor] WARNING: CPU Budget > 70% (17.5300 ms)
[PerformanceMonitor] WARNING: CPU Budget > 70% (17.7250 ms)
[PerformanceMonitor] WARNING: CPU Budget > 70% (20.8880 ms)
[PerformanceMonitor] WARNING: CPU Budget > 70% (18.4710 ms)
[PerformanceMonitor] WARNING: CPU Budget > 70% (17.5510 ms)
[PerformanceMonitor] WARNING: CPU Budget > 70% (17.5980 ms)
[PerformanceMonitor] WARNING: CPU Budget > 70% (18.8550 ms)
[PerformanceMonitor] WARNING: CPU Budget > 70% (21.5600 ms)
[PerformanceMonitor] WARNING: CPU Budget > 70% (17.6270 ms)
[PerformanceMonitor] WARNING: CPU Budget > 70% (17.7070 ms)
[PerformanceMonitor] WARNING: CPU Budget > 70% (18.0670 ms)
[PerformanceMonitor] WARNING: CPU Budget > 70% (19.9410 ms)
[PerformanceMonitor] WARNING: CPU Budget > 70% (17.9230 ms)
[PerformanceMonitor] WARNING: CPU Budget > 70% (17.6760 ms)
[PerformanceMonitor] WARNING: CPU Budget > 70% (17.8870 ms)
[PerformanceMonitor] WARNING: CPU Budget > 70% (17.5950 ms)
[PerformanceMonitor] WARNING: CPU Budget > 70% (21.6760 ms)
[PerformanceMonitor] WARNING: CPU Budget > 70% (17.6300 ms)
[PerformanceMonitor] WARNING: CPU Budget > 70% (19.2840 ms)
[PerformanceMonitor] WARNING: CPU Budget > 70% (20.7360 ms)
[PerformanceMonitor] WARNING: CPU Budget > 70% (18.1900 ms)
[PerformanceMonitor] WARNING: CPU Budget > 70% (19.3620 ms)
[PerformanceMonitor] WARNING: CPU Budget > 70% (17.8170 ms)
[PerformanceMonitor] WARNING: CPU Budget > 70% (17.6390 ms)
[PerformanceMonitor] WARNING: CPU Budget > 70% (18.7580 ms)
[PerformanceMonitor] WARNING: CPU Budget > 70% (17.6580 ms)
[PerformanceMonitor] WARNING: CPU Budget > 70% (18.5410 ms)
[PerformanceMonitor] WARNING: CPU Budget > 70% (17.7100 ms)
[PerformanceMonitor] WARNING: CPU Budget > 70% (17.7120 ms)
[PerformanceMonitor] WARNING: CPU Budget > 70% (18.6380 ms)
[PerformanceMonitor] WARNING: CPU Budget > 70% (17.9190 ms)
[PerformanceMonitor] WARNING: CPU Budget > 70% (17.5960 ms)
[PerformanceMonitor] WARNING: CPU Budget > 70% (17.7180 ms)
[PerformanceMonitor] WARNING: CPU Budget > 70% (20.5100 ms)
[PerformanceMonitor] WARNING: CPU Budget > 70% (20.3230 ms)
[PerformanceMonitor] WARNING: CPU Budget > 70% (19.0190 ms)
[PerformanceMonitor] WARNING: CPU Budget > 70% (18.1500 ms)
[PerformanceMonitor] WARNING: CPU Budget > 70% (17.6370 ms)
[PerformanceMonitor] WARNING: CPU Budget > 70% (18.8180 ms)
[PerformanceMonitor] WARNING: CPU Budget > 70% (17.5420 ms)
[PerformanceMonitor] WARNING: CPU Budget > 70% (17.6920 ms)
[PerformanceMonitor] WARNING: CPU Budget > 70% (17.7250 ms)
[PerformanceMonitor] WARNING: CPU Budget > 70% (18.7280 ms)
[PerformanceMonitor] WARNING: CPU Budget > 70% (17.6430 ms)
[PerformanceMonitor] WARNING: CPU Budget > 70% (17.4800 ms)
[PerformanceMonitor] WARNING: CPU Budget > 70% (17.2690 ms)
[PerformanceMonitor] WARNING: CPU Budget > 70% (17.4130 ms)
[PerformanceMonitor] WARNING: CPU Budget > 70% (17.5520 ms)
[PerformanceMonitor] WARNING: CPU Budget > 70% (21.0600 ms)
[PerformanceMonitor] WARNING: CPU Budget > 70% (18.7780 ms)
[PerformanceMonitor] WARNING: CPU Budget > 70% (17.6740 ms)
[PerformanceMonitor] WARNING: CPU Budget > 70% (17.7280 ms)
[PerformanceMonitor] WARNING: CPU Budget > 70% (17.8230 ms)
[PerformanceMonitor] WARNING: CPU Budget > 70% (17.7570 ms)
[PerformanceMonitor] WARNING: CPU Budget > 70% (17.7090 ms)
[PerformanceMonitor] WARNING: CPU Budget > 70% (17.7340 ms)
[PerformanceMonitor] WARNING: CPU Budget > 70% (17.8440 ms)
[PerformanceMonitor] WARNING: CPU Budget > 70% (19.8020 ms)
[PerformanceMonitor] WARNING: CPU Budget > 70% (17.7630 ms)
[PerformanceMonitor] WARNING: CPU Budget > 70% (17.7270 ms)
[PerformanceMonitor] WARNING: CPU Budget > 70% (17.6180 ms)
[PerformanceMonitor] WARNING: CPU Budget > 70% (17.6950 ms)
[PerformanceMonitor] WARNING: CPU Budget > 70% (17.6840 ms)
[PerformanceMonitor] WARNING: CPU Budget > 70% (24.3310 ms)
[PerformanceMonitor] WARNING: CPU Budget > 70% (20.4350 ms)
[PerformanceMonitor] WARNING: CPU Budget > 70% (17.8470 ms)
[PerformanceMonitor] WARNING: CPU Budget > 70% (17.9660 ms)
[PerformanceMonitor] WARNING: CPU Budget > 70% (28.1840 ms)
[PerformanceMonitor] WARNING: CPU Budget > 70% (17.6060 ms)
[PerformanceMonitor] WARNING: CPU Budget > 70% (18.5000 ms)
[PerformanceMonitor] WARNING: CPU Budget > 70% (17.8400 ms)
[PerformanceMonitor] WARNING: CPU Budget > 70% (24.9520 ms)
[PerformanceMonitor] WARNING: CPU Budget > 70% (17.5820 ms)
[PerformanceMonitor] WARNING: CPU Budget > 70% (17.6810 ms)
[PerformanceMonitor] WARNING: CPU Budget > 70% (18.3760 ms)
[PerformanceMonitor] WARNING: CPU Budget > 70% (17.6900 ms)
[PerformanceMonitor] WARNING: CPU Budget > 70% (17.6700 ms)
[PerformanceMonitor] WARNING: CPU Budget > 70% (17.7060 ms)
[PerformanceMonitor] WARNING: CPU Budget > 70% (37.5920 ms)
[PerformanceMonitor] WARNING: CPU Budget > 70% (21.6330 ms)
[PerformanceMonitor] WARNING: CPU Budget > 70% (17.6580 ms)
[PerformanceMonitor] WARNING: CPU Budget > 70% (17.6490 ms)
[PerformanceMonitor] WARNING: CPU Budget > 70% (17.7450 ms)
[PerformanceMonitor] WARNING: CPU Budget > 70% (19.2720 ms)
[PerformanceMonitor] WARNING: CPU Budget > 70% (17.3060 ms)
[PerformanceMonitor] WARNING: CPU Budget > 70% (17.7140 ms)
[PerformanceMonitor] WARNING: CPU Budget > 70% (20.1690 ms)
[PerformanceMonitor] WARNING: CPU Budget > 70% (17.7420 ms)
[PerformanceMonitor] WARNING: CPU Budget > 70% (17.8680 ms)
[PerformanceMonitor] WARNING: CPU Budget > 70% (17.7090 ms)
[PerformanceMonitor] WARNING: CPU Budget > 70% (18.5150 ms)
[PerformanceMonitor] WARNING: CPU Budget > 70% (17.4590 ms)
[PerformanceMonitor] WARNING: CPU Budget > 70% (17.6220 ms)
[PerformanceMonitor] WARNING: CPU Budget > 70% (17.5830 ms)
[PerformanceMonitor] WARNING: CPU Budget > 70% (19.0530 ms)
[PerformanceMonitor] WARNING: CPU Budget > 70% (18.2490 ms)
[PerformanceMonitor] WARNING: CPU Budget > 70% (18.7710 ms)
[PerformanceMonitor] WARNING: CPU Budget > 70% (22.7560 ms)
[PerformanceMonitor] WARNING: CPU Budget > 70% (21.6120 ms)
[PerformanceMonitor] WARNING: CPU Budget > 70% (17.6120 ms)
[PerformanceMonitor] WARNING: CPU Budget > 70% (17.6060 ms)
[PerformanceMonitor] WARNING: CPU Budget > 70% (17.6590 ms)
[PerformanceMonitor] WARNING: CPU Budget > 70% (17.6060 ms)
[PerformanceMonitor] WARNING: CPU Budget > 70% (17.6280 ms)
[PerformanceMonitor] WARNING: CPU Budget > 70% (20.4180 ms)
[PerformanceMonitor] WARNING: CPU Budget > 70% (18.0600 ms)
[PerformanceMonitor] WARNING: CPU Budget > 70% (17.7600 ms)
[PerformanceMonitor] WARNING: CPU Budget > 70% (18.6530 ms)
[PerformanceMonitor] WARNING: CPU Budget > 70% (17.6260 ms)
[PerformanceMonitor] WARNING: CPU Budget > 70% (17.5840 ms)
[PerformanceMonitor] WARNING: CPU Budget > 70% (17.5870 ms)
[PerformanceMonitor] WARNING: CPU Budget > 70% (20.9760 ms)
[PerformanceMonitor] WARNING: CPU Budget > 70% (21.1760 ms)
[PerformanceMonitor] WARNING: CPU Budget > 70% (18.1590 ms)
[PerformanceMonitor] WARNING: CPU Budget > 70% (20.6290 ms)
[PerformanceMonitor] WARNING: CPU Budget > 70% (17.6290 ms)
[PerformanceMonitor] WARNING: CPU Budget > 70% (18.2850 ms)
[PerformanceMonitor] WARNING: CPU Budget > 70% (17.8700 ms)
[PerformanceMonitor] WARNING: CPU Budget > 70% (17.5420 ms)
[PerformanceMonitor] WARNING: CPU Budget > 70% (17.7110 ms)
[PerformanceMonitor] WARNING: CPU Budget > 70% (21.4670 ms)
[PerformanceMonitor] WARNING: CPU Budget > 70% (22.0600 ms)
[PerformanceMonitor] WARNING: CPU Budget > 70% (18.3480 ms)
[PerformanceMonitor] WARNING: CPU Budget > 70% (17.6530 ms)
[PerformanceMonitor] WARNING: CPU Budget > 70% (18.2150 ms)
[PerformanceMonitor] WARNING: CPU Budget > 70% (25.6080 ms)
[PerformanceMonitor] WARNING: CPU Budget > 70% (19.2310 ms)
[PerformanceMonitor] WARNING: CPU Budget > 70% (25.8990 ms)
[PerformanceMonitor] WARNING: CPU Budget > 70% (17.6520 ms)
[PerformanceMonitor] WARNING: CPU Budget > 70% (17.6940 ms)
[PerformanceMonitor] WARNING: CPU Budget > 70% (17.6520 ms)
[PerformanceMonitor] WARNING: CPU Budget > 70% (18.0230 ms)
[PerformanceMonitor] WARNING: CPU Budget > 70% (17.6650 ms)
[PerformanceMonitor] WARNING: CPU Budget > 70% (17.8160 ms)
[PerformanceMonitor] WARNING: CPU Budget > 70% (17.7880 ms)
[PerformanceMonitor] WARNING: CPU Budget > 70% (17.6580 ms)
[PerformanceMonitor] WARNING: CPU Budget > 70% (17.6340 ms)
[PerformanceMonitor] WARNING: CPU Budget > 70% (17.6600 ms)
[PerformanceMonitor] WARNING: CPU Budget > 70% (17.7000 ms)
[PerformanceMonitor] WARNING: CPU Budget > 70% (17.6230 ms)
[PerformanceMonitor] WARNING: CPU Budget > 70% (18.5220 ms)
[PerformanceMonitor] WARNING: CPU Budget > 70% (22.7420 ms)
[PerformanceMonitor] WARNING: CPU Budget > 70% (17.6230 ms)
[PerformanceMonitor] WARNING: CPU Budget > 70% (17.3900 ms)
[PerformanceMonitor] WARNING: CPU Budget > 70% (17.8850 ms)
[PerformanceMonitor] WARNING: CPU Budget > 70% (18.2730 ms)
[PerformanceMonitor] WARNING: CPU Budget > 70% (18.1260 ms)
[PerformanceMonitor] WARNING: CPU Budget > 70% (17.6710 ms)
[PerformanceMonitor] WARNING: CPU Budget > 70% (17.6770 ms)
[PerformanceMonitor] WARNING: CPU Budget > 70% (17.5890 ms)
[PerformanceMonitor] WARNING: CPU Budget > 70% (18.6620 ms)
[PerformanceMonitor] WARNING: CPU Budget > 70% (17.6220 ms)
[PerformanceMonitor] WARNING: CPU Budget > 70% (38.7370 ms)
[PerformanceMonitor] WARNING: CPU Budget > 70% (18.5300 ms)
[PerformanceMonitor] WARNING: CPU Budget > 70% (17.4160 ms)
[PerformanceMonitor] WARNING: CPU Budget > 70% (19.9630 ms)
[PerformanceMonitor] WARNING: CPU Budget > 70% (19.3850 ms)
[PerformanceMonitor] WARNING: CPU Budget > 70% (19.7370 ms)
[PerformanceMonitor] WARNING: CPU Budget > 70% (17.5330 ms)
[PerformanceMonitor] WARNING: CPU Budget > 70% (17.6070 ms)
[PerformanceMonitor] WARNING: CPU Budget > 70% (17.6640 ms)
[PerformanceMonitor] WARNING: CPU Budget > 70% (17.8460 ms)
[PerformanceMonitor] WARNING: CPU Budget > 70% (17.7190 ms)
[PerformanceMonitor] WARNING: CPU Budget > 70% (17.6580 ms)
[PerformanceMonitor] WARNING: CPU Budget > 70% (17.5080 ms)
[PerformanceMonitor] WARNING: CPU Budget > 70% (17.5220 ms)
[PerformanceMonitor] WARNING: CPU Budget > 70% (17.2940 ms)
[PerformanceMonitor] WARNING: CPU Budget > 70% (22.8750 ms)
[PerformanceMonitor] WARNING: CPU Budget > 70% (21.1100 ms)
[PerformanceMonitor] WARNING: CPU Budget > 70% (19.4610 ms)
[PerformanceMonitor] WARNING: CPU Budget > 70% (24.5120 ms)
[PerformanceMonitor] WARNING: CPU Budget > 70% (17.6030 ms)
[PerformanceMonitor] WARNING: CPU Budget > 70% (17.8000 ms)
[PerformanceMonitor] WARNING: CPU Budget > 70% (17.6430 ms)
[PerformanceMonitor] WARNING: CPU Budget > 70% (17.9670 ms)
[PerformanceMonitor] WARNING: CPU Budget > 70% (17.8280 ms)
[PerformanceMonitor] WARNING: CPU Budget > 70% (19.0330 ms)
[PerformanceMonitor] WARNING: CPU Budget > 70% (17.9900 ms)
[PerformanceMonitor] WARNING: CPU Budget > 70% (17.8080 ms)
[PerformanceMonitor] WARNING: CPU Budget > 70% (17.8620 ms)
[PerformanceMonitor] WARNING: CPU Budget > 70% (23.1870 ms)
[PerformanceMonitor] WARNING: CPU Budget > 70% (17.6220 ms)
[PerformanceMonitor] WARNING: CPU Budget > 70% (17.9870 ms)
[PerformanceMonitor] WARNING: CPU Budget > 70% (17.7130 ms)
[PerformanceMonitor] WARNING: CPU Budget > 70% (18.0600 ms)
[PerformanceMonitor] WARNING: CPU Budget > 70% (17.5730 ms)
[PerformanceMonitor] WARNING: CPU Budget > 70% (17.4630 ms)
[PerformanceMonitor] WARNING: CPU Budget > 70% (21.3840 ms)
[PerformanceMonitor] WARNING: CPU Budget > 70% (25.8690 ms)
[PerformanceMonitor] WARNING: CPU Budget > 70% (18.4950 ms)
[PerformanceMonitor] WARNING: CPU Budget > 70% (17.8970 ms)
[PerformanceMonitor] WARNING: CPU Budget > 70% (17.6150 ms)
[PerformanceMonitor] WARNING: CPU Budget > 70% (17.3890 ms)
[PerformanceMonitor] WARNING: CPU Budget > 70% (17.7170 ms)
[PerformanceMonitor] WARNING: CPU Budget > 70% (21.5620 ms)
[PerformanceMonitor] WARNING: CPU Budget > 70% (19.6820 ms)
[PerformanceMonitor] WARNING: CPU Budget > 70% (18.6390 ms)
[PerformanceMonitor] WARNING: CPU Budget > 70% (17.6090 ms)
[PerformanceMonitor] WARNING: CPU Budget > 70% (17.7000 ms)
[PerformanceMonitor] WARNING: CPU Budget > 70% (17.3560 ms)
[PerformanceMonitor] WARNING: CPU Budget > 70% (18.0030 ms)
[PerformanceMonitor] WARNING: CPU Budget > 70% (17.3750 ms)
[PerformanceMonitor] WARNING: CPU Budget > 70% (17.4330 ms)
[PerformanceMonitor] WARNING: CPU Budget > 70% (17.9330 ms)
[PerformanceMonitor] WARNING: CPU Budget > 70% (21.0830 ms)
[PerformanceMonitor] WARNING: CPU Budget > 70% (17.4820 ms)
[PerformanceMonitor] WARNING: CPU Budget > 70% (19.5460 ms)
[PerformanceMonitor] WARNING: CPU Budget > 70% (17.7320 ms)
[PerformanceMonitor] WARNING: CPU Budget > 70% (18.6150 ms)
[PerformanceMonitor] WARNING: CPU Budget > 70% (19.5160 ms)
[PerformanceMonitor] WARNING: CPU Budget > 70% (18.1080 ms)
[PerformanceMonitor] WARNING: CPU Budget > 70% (17.6240 ms)
[PerformanceMonitor] WARNING: CPU Budget > 70% (17.3650 ms)
[PerformanceMonitor] WARNING: CPU Budget > 70% (18.0700 ms)
[PerformanceMonitor] WARNING: CPU Budget > 70% (17.3890 ms)
[PerformanceMonitor] WARNING: CPU Budget > 70% (17.3070 ms)
[PerformanceMonitor] WARNING: CPU Budget > 70% (17.4960 ms)
[PerformanceMonitor] WARNING: CPU Budget > 70% (17.4140 ms)
[PerformanceMonitor] WARNING: CPU Budget > 70% (21.8570 ms)
[PerformanceMonitor] WARNING: CPU Budget > 70% (21.1470 ms)
[PerformanceMonitor] WARNING: CPU Budget > 70% (18.0270 ms)
[PerformanceMonitor] WARNING: CPU Budget > 70% (17.7230 ms)
[PerformanceMonitor] WARNING: CPU Budget > 70% (17.6970 ms)
[PerformanceMonitor] WARNING: CPU Budget > 70% (17.9450 ms)
[PerformanceMonitor] WARNING: CPU Budget > 70% (17.5700 ms)
[PerformanceMonitor] WARNING: CPU Budget > 70% (17.4020 ms)
[PerformanceMonitor] WARNING: CPU Budget > 70% (17.4300 ms)
[PerformanceMonitor] WARNING: CPU Budget > 70% (20.5280 ms)
[PerformanceMonitor] WARNING: CPU Budget > 70% (17.5710 ms)
[PerformanceMonitor] WARNING: CPU Budget > 70% (18.6430 ms)
[PerformanceMonitor] WARNING: CPU Budget > 70% (17.5860 ms)
[PerformanceMonitor] WARNING: CPU Budget > 70% (17.6970 ms)
[PerformanceMonitor] WARNING: CPU Budget > 70% (17.7310 ms)
[PerformanceMonitor] WARNING: CPU Budget > 70% (17.6420 ms)
[PerformanceMonitor] WARNING: CPU Budget > 70% (17.5640 ms)
[PerformanceMonitor] WARNING: CPU Budget > 70% (17.4540 ms)
[PerformanceMonitor] WARNING: CPU Budget > 70% (19.8210 ms)
[PerformanceMonitor] WARNING: CPU Budget > 70% (21.7800 ms)
[PerformanceMonitor] WARNING: CPU Budget > 70% (17.6560 ms)
[PerformanceMonitor] WARNING: CPU Budget > 70% (20.2270 ms)
[PerformanceMonitor] WARNING: CPU Budget > 70% (17.7470 ms)
[PerformanceMonitor] WARNING: CPU Budget > 70% (17.6230 ms)
[PerformanceMonitor] WARNING: CPU Budget > 70% (17.7110 ms)
[PerformanceMonitor] WARNING: CPU Budget > 70% (18.8390 ms)
[PerformanceMonitor] WARNING: CPU Budget > 70% (22.7440 ms)
[PerformanceMonitor] WARNING: CPU Budget > 70% (17.3800 ms)
[PerformanceMonitor] WARNING: CPU Budget > 70% (24.8190 ms)
[PerformanceMonitor] WARNING: CPU Budget > 70% (17.5720 ms)
[PerformanceMonitor] WARNING: CPU Budget > 70% (17.4160 ms)
[PerformanceMonitor] WARNING: CPU Budget > 70% (17.3780 ms)
[PerformanceMonitor] WARNING: CPU Budget > 70% (17.5660 ms)
[PerformanceMonitor] WARNING: CPU Budget > 70% (17.3570 ms)
[PerformanceMonitor] WARNING: CPU Budget > 70% (17.6140 ms)
[PerformanceMonitor] WARNING: CPU Budget > 70% (17.6150 ms)
[PerformanceMonitor] WARNING: CPU Budget > 70% (18.6000 ms)
[PerformanceMonitor] WARNING: CPU Budget > 70% (18.7590 ms)
[PerformanceMonitor] WARNING: CPU Budget > 70% (17.6670 ms)
[PerformanceMonitor] WARNING: CPU Budget > 70% (18.9840 ms)
[PerformanceMonitor] WARNING: CPU Budget > 70% (17.6960 ms)
[PerformanceMonitor] WARNING: CPU Budget > 70% (20.6650 ms)
[PerformanceMonitor] WARNING: CPU Budget > 70% (17.6680 ms)
[PerformanceMonitor] WARNING: CPU Budget > 70% (17.7630 ms)
[PerformanceMonitor] WARNING: CPU Budget > 70% (20.8400 ms)
[PerformanceMonitor] WARNING: CPU Budget > 70% (19.8350 ms)
[PerformanceMonitor] WARNING: CPU Budget > 70% (17.5860 ms)
[PerformanceMonitor] WARNING: CPU Budget > 70% (17.6760 ms)
[PerformanceMonitor] WARNING: CPU Budget > 70% (19.0770 ms)
[PerformanceMonitor] WARNING: CPU Budget > 70% (17.5990 ms)
[PerformanceMonitor] WARNING: CPU Budget > 70% (19.7010 ms)
[PerformanceMonitor] WARNING: CPU Budget > 70% (20.3050 ms)
[PerformanceMonitor] WARNING: CPU Budget > 70% (17.7290 ms)
[PerformanceMonitor] WARNING: CPU Budget > 70% (17.7890 ms)
[PerformanceMonitor] WARNING: CPU Budget > 70% (17.6120 ms)
[PerformanceMonitor] WARNING: CPU Budget > 70% (17.3010 ms)
[PerformanceMonitor] WARNING: CPU Budget > 70% (17.3610 ms)
[PerformanceMonitor] WARNING: CPU Budget > 70% (20.2130 ms)
[PerformanceMonitor] WARNING: CPU Budget > 70% (20.5020 ms)
[PerformanceMonitor] WARNING: CPU Budget > 70% (40.8050 ms)
[PerformanceMonitor] WARNING: CPU Budget > 70% (18.4270 ms)
[PerformanceMonitor] WARNING: CPU Budget > 70% (17.5530 ms)
[PerformanceMonitor] WARNING: CPU Budget > 70% (17.7290 ms)
[PerformanceMonitor] WARNING: CPU Budget > 70% (17.7480 ms)
[PerformanceMonitor] WARNING: CPU Budget > 70% (17.6460 ms)
[PerformanceMonitor] WARNING: CPU Budget > 70% (17.6900 ms)
[PerformanceMonitor] WARNING: CPU Budget > 70% (18.6440 ms)
[PerformanceMonitor] WARNING: CPU Budget > 70% (17.7570 ms)
[PerformanceMonitor] WARNING: CPU Budget > 70% (17.7460 ms)
[PerformanceMonitor] WARNING: CPU Budget > 70% (17.7200 ms)
[PerformanceMonitor] WARNING: CPU Budget > 70% (18.1020 ms)
[PerformanceMonitor] WARNING: CPU Budget > 70% (17.6710 ms)
[PerformanceMonitor] WARNING: CPU Budget > 70% (18.0860 ms)
[PerformanceMonitor] WARNING: CPU Budget > 70% (19.2320 ms)
[PerformanceMonitor] WARNING: CPU Budget > 70% (17.7330 ms)
[PerformanceMonitor] WARNING: CPU Budget > 70% (17.6920 ms)
[PerformanceMonitor] WARNING: CPU Budget > 70% (17.8920 ms)
[PerformanceMonitor] WARNING: CPU Budget > 70% (22.7140 ms)
[PerformanceMonitor] WARNING: CPU Budget > 70% (19.9190 ms)
[PerformanceMonitor] WARNING: CPU Budget > 70% (17.5780 ms)
[PerformanceMonitor] WARNING: CPU Budget > 70% (17.7810 ms)
[PerformanceMonitor] WARNING: CPU Budget > 70% (17.5740 ms)
[PerformanceMonitor] WARNING: CPU Budget > 70% (17.5490 ms)
[PerformanceMonitor] WARNING: CPU Budget > 70% (17.2860 ms)
[PerformanceMonitor] WARNING: CPU Budget > 70% (17.2950 ms)
[PerformanceMonitor] WARNING: CPU Budget > 70% (17.4570 ms)
[PerformanceMonitor] WARNING: CPU Budget > 70% (17.6250 ms)
[PerformanceMonitor] WARNING: CPU Budget > 70% (23.6190 ms)
[PerformanceMonitor] WARNING: CPU Budget > 70% (22.4680 ms)
[PerformanceMonitor] WARNING: CPU Budget > 70% (17.6480 ms)
[PerformanceMonitor] WARNING: CPU Budget > 70% (17.6040 ms)
[PerformanceMonitor] WARNING: CPU Budget > 70% (17.8520 ms)
[PerformanceMonitor] WARNING: CPU Budget > 70% (17.6290 ms)
[PerformanceMonitor] WARNING: CPU Budget > 70% (17.4210 ms)
[PerformanceMonitor] WARNING: CPU Budget > 70% (17.5720 ms)
[PerformanceMonitor] WARNING: CPU Budget > 70% (17.6390 ms)
[PerformanceMonitor] WARNING: CPU Budget > 70% (17.4690 ms)
[PerformanceMonitor] WARNING: CPU Budget > 70% (18.1870 ms)
[PerformanceMonitor] WARNING: CPU Budget > 70% (21.8250 ms)
[PerformanceMonitor] WARNING: CPU Budget > 70% (17.3510 ms)
[PerformanceMonitor] WARNING: CPU Budget > 70% (17.6850 ms)
[PerformanceMonitor] WARNING: CPU Budget > 70% (17.4900 ms)
[PerformanceMonitor] WARNING: CPU Budget > 70% (17.3660 ms)
[PerformanceMonitor] WARNING: CPU Budget > 70% (17.8790 ms)
[PerformanceMonitor] WARNING: CPU Budget > 70% (18.4120 ms)
[PerformanceMonitor] WARNING: CPU Budget > 70% (17.9160 ms)
[PerformanceMonitor] WARNING: CPU Budget > 70% (17.6970 ms)
[PerformanceMonitor] WARNING: CPU Budget > 70% (17.9110 ms)
[PerformanceMonitor] WARNING: CPU Budget > 70% (21.7780 ms)
[PerformanceMonitor] WARNING: CPU Budget > 70% (19.0890 ms)
[PerformanceMonitor] WARNING: CPU Budget > 70% (19.9710 ms)
[PerformanceMonitor] WARNING: CPU Budget > 70% (17.6700 ms)
[PerformanceMonitor] WARNING: CPU Budget > 70% (17.8430 ms)
[PerformanceMonitor] WARNING: CPU Budget > 70% (17.3050 ms)
[PerformanceMonitor] WARNING: CPU Budget > 70% (17.4130 ms)
[PerformanceMonitor] WARNING: CPU Budget > 70% (17.6700 ms)
[PerformanceMonitor] WARNING: CPU Budget > 70% (17.4600 ms)
[PerformanceMonitor] WARNING: CPU Budget > 70% (17.8850 ms)
[PerformanceMonitor] WARNING: CPU Budget > 70% (17.6400 ms)
[PerformanceMonitor] WARNING: CPU Budget > 70% (17.6420 ms)
[PerformanceMonitor] WARNING: CPU Budget > 70% (18.0460 ms)
[PerformanceMonitor] WARNING: CPU Budget > 70% (21.4630 ms)
[PerformanceMonitor] WARNING: CPU Budget > 70% (23.7070 ms)
[PerformanceMonitor] WARNING: CPU Budget > 70% (17.5720 ms)
[PerformanceMonitor] WARNING: CPU Budget > 70% (19.2330 ms)
[PerformanceMonitor] WARNING: CPU Budget > 70% (17.9390 ms)
[PerformanceMonitor] WARNING: CPU Budget > 70% (19.1220 ms)
[PerformanceMonitor] WARNING: CPU Budget > 70% (18.2270 ms)
[PerformanceMonitor] WARNING: CPU Budget > 70% (17.3000 ms)
[PerformanceMonitor] WARNING: CPU Budget > 70% (17.5510 ms)
[PerformanceMonitor] WARNING: CPU Budget > 70% (17.7360 ms)
[PerformanceMonitor] WARNING: CPU Budget > 70% (17.7720 ms)
[PerformanceMonitor] WARNING: CPU Budget > 70% (21.6130 ms)
[PerformanceMonitor] WARNING: CPU Budget > 70% (17.5640 ms)
[PerformanceMonitor] WARNING: CPU Budget > 70% (17.8470 ms)
[PerformanceMonitor] WARNING: CPU Budget > 70% (17.5370 ms)
[PerformanceMonitor] WARNING: CPU Budget > 70% (18.2600 ms)
[PerformanceMonitor] WARNING: CPU Budget > 70% (17.3850 ms)
[PerformanceMonitor] WARNING: CPU Budget > 70% (17.5370 ms)
[PerformanceMonitor] WARNING: CPU Budget > 70% (17.7210 ms)
[PerformanceMonitor] WARNING: CPU Budget > 70% (17.6400 ms)
[PerformanceMonitor] WARNING: CPU Budget > 70% (18.1510 ms)
[PerformanceMonitor] WARNING: CPU Budget > 70% (22.6010 ms)
[PerformanceMonitor] WARNING: CPU Budget > 70% (20.0830 ms)
[PerformanceMonitor] WARNING: CPU Budget > 70% (17.5410 ms)
[PerformanceMonitor] WARNING: CPU Budget > 70% (17.7160 ms)
[PerformanceMonitor] WARNING: CPU Budget > 70% (17.7660 ms)
[PerformanceMonitor] WARNING: CPU Budget > 70% (17.8670 ms)
[PerformanceMonitor] WARNING: CPU Budget > 70% (17.3360 ms)
[PerformanceMonitor] WARNING: CPU Budget > 70% (20.2120 ms)
[PerformanceMonitor] WARNING: CPU Budget > 70% (17.6220 ms)
[PerformanceMonitor] WARNING: CPU Budget > 70% (17.6530 ms)
[PerformanceMonitor] WARNING: CPU Budget > 70% (17.3660 ms)
[PerformanceMonitor] WARNING: CPU Budget > 70% (17.6150 ms)
[PerformanceMonitor] WARNING: CPU Budget > 70% (17.5770 ms)
[PerformanceMonitor] WARNING: CPU Budget > 70% (24.4540 ms)
[PerformanceMonitor] WARNING: CPU Budget > 70% (21.5230 ms)
[PerformanceMonitor] WARNING: CPU Budget > 70% (17.5910 ms)
[PerformanceMonitor] WARNING: CPU Budget > 70% (17.6240 ms)
[PerformanceMonitor] WARNING: CPU Budget > 70% (18.2020 ms)
[PerformanceMonitor] WARNING: CPU Budget > 70% (17.9420 ms)
[PerformanceMonitor] WARNING: CPU Budget > 70% (17.5990 ms)
[PerformanceMonitor] WARNING: CPU Budget > 70% (17.7200 ms)
[PerformanceMonitor] WARNING: CPU Budget > 70% (18.0070 ms)
[PerformanceMonitor] WARNING: CPU Budget > 70% (17.7690 ms)
[PerformanceMonitor] WARNING: CPU Budget > 70% (22.4650 ms)
[PerformanceMonitor] WARNING: CPU Budget > 70% (20.9260 ms)
[PerformanceMonitor] WARNING: CPU Budget > 70% (17.7920 ms)
[PerformanceMonitor] WARNING: CPU Budget > 70% (17.5410 ms)
[PerformanceMonitor] WARNING: CPU Budget > 70% (17.7180 ms)
[PerformanceMonitor] WARNING: CPU Budget > 70% (17.8250 ms)
[PerformanceMonitor] WARNING: CPU Budget > 70% (17.6450 ms)
[PerformanceMonitor] WARNING: CPU Budget > 70% (17.6070 ms)
[PerformanceMonitor] WARNING: CPU Budget > 70% (17.6280 ms)
[PerformanceMonitor] WARNING: CPU Budget > 70% (19.6900 ms)
[PerformanceMonitor] WARNING: CPU Budget > 70% (17.6400 ms)
[PerformanceMonitor] WARNING: CPU Budget > 70% (19.8940 ms)
[PerformanceMonitor] WARNING: CPU Budget > 70% (17.6620 ms)
[PerformanceMonitor] WARNING: CPU Budget > 70% (17.7100 ms)
[PerformanceMonitor] WARNING: CPU Budget > 70% (17.6930 ms)
[PerformanceMonitor] WARNING: CPU Budget > 70% (17.7570 ms)
[PerformanceMonitor] WARNING: CPU Budget > 70% (17.3840 ms)
[PerformanceMonitor] WARNING: CPU Budget > 70% (17.6640 ms)
[PerformanceMonitor] WARNING: CPU Budget > 70% (17.5720 ms)
[PerformanceMonitor] WARNING: CPU Budget > 70% (18.6320 ms)
[PerformanceMonitor] WARNING: CPU Budget > 70% (17.5900 ms)
[PerformanceMonitor] WARNING: CPU Budget > 70% (17.7280 ms)
[PerformanceMonitor] WARNING: CPU Budget > 70% (17.5490 ms)
[PerformanceMonitor] WARNING: CPU Budget > 70% (17.8490 ms)
[PerformanceMonitor] WARNING: CPU Budget > 70% (20.7070 ms)
[PerformanceMonitor] WARNING: CPU Budget > 70% (26.1440 ms)
[PerformanceMonitor] WARNING: CPU Budget > 70% (18.0740 ms)
[PerformanceMonitor] WARNING: CPU Budget > 70% (17.3280 ms)
[PerformanceMonitor] WARNING: CPU Budget > 70% (17.7370 ms)
[PerformanceMonitor] WARNING: CPU Budget > 70% (18.0960 ms)
[PerformanceMonitor] WARNING: CPU Budget > 70% (17.6240 ms)
[PerformanceMonitor] WARNING: CPU Budget > 70% (23.4950 ms)
[PerformanceMonitor] WARNING: CPU Budget > 70% (17.5910 ms)
[PerformanceMonitor] WARNING: CPU Budget > 70% (17.6170 ms)
[PerformanceMonitor] WARNING: CPU Budget > 70% (83.9220 ms)
[PerformanceMonitor] WARNING: CPU Budget > 70% (18.3870 ms)
[PerformanceMonitor] WARNING: CPU Budget > 70% (19.0090 ms)
[PerformanceMonitor] WARNING: CPU Budget > 70% (17.5020 ms)
[PerformanceMonitor] WARNING: CPU Budget > 70% (17.5900 ms)
[PerformanceMonitor] WARNING: CPU Budget > 70% (26.1730 ms)
[PerformanceMonitor] WARNING: CPU Budget > 70% (19.8200 ms)
[PerformanceMonitor] WARNING: CPU Budget > 70% (18.0630 ms)
[PerformanceMonitor] WARNING: CPU Budget > 70% (18.1910 ms)
[PerformanceMonitor] WARNING: CPU Budget > 70% (17.4860 ms)
[PerformanceMonitor] WARNING: CPU Budget > 70% (17.5910 ms)
[PerformanceMonitor] WARNING: CPU Budget > 70% (20.6810 ms)
[PerformanceMonitor] WARNING: CPU Budget > 70% (17.2820 ms)
[PerformanceMonitor] WARNING: CPU Budget > 70% (17.7300 ms)
[PerformanceMonitor] WARNING: CPU Budget > 70% (17.8700 ms)
[PerformanceMonitor] WARNING: CPU Budget > 70% (17.8310 ms)
[PerformanceMonitor] WARNING: CPU Budget > 70% (17.8430 ms)
[PerformanceMonitor] WARNING: CPU Budget > 70% (17.3800 ms)
[PerformanceMonitor] WARNING: CPU Budget > 70% (17.4900 ms)
[PerformanceMonitor] WARNING: CPU Budget > 70% (18.1940 ms)
[PerformanceMonitor] WARNING: CPU Budget > 70% (20.0280 ms)
[PerformanceMonitor] WARNING: CPU Budget > 70% (17.2890 ms)
[PerformanceMonitor] WARNING: CPU Budget > 70% (17.8160 ms)
[PerformanceMonitor] WARNING: CPU Budget > 70% (17.2420 ms)
[PerformanceMonitor] WARNING: CPU Budget > 70% (17.8640 ms)
[PerformanceMonitor] WARNING: CPU Budget > 70% (17.5460 ms)
[PerformanceMonitor] WARNING: CPU Budget > 70% (17.5300 ms)
[PerformanceMonitor] WARNING: CPU Budget > 70% (17.5620 ms)
[PerformanceMonitor] WARNING: CPU Budget > 70% (17.2730 ms)
[PerformanceMonitor] WARNING: CPU Budget > 70% (19.8260 ms)
[PerformanceMonitor] WARNING: CPU Budget > 70% (19.6330 ms)
[PerformanceMonitor] WARNING: CPU Budget > 70% (17.7180 ms)
[PerformanceMonitor] WARNING: CPU Budget > 70% (17.3650 ms)
[PerformanceMonitor] WARNING: CPU Budget > 70% (17.8190 ms)
[PerformanceMonitor] WARNING: CPU Budget > 70% (18.7700 ms)
[PerformanceMonitor] WARNING: CPU Budget > 70% (18.1910 ms)
[PerformanceMonitor] WARNING: CPU Budget > 70% (17.8620 ms)
[PerformanceMonitor] WARNING: CPU Budget > 70% (38.5610 ms)
[PerformanceMonitor] WARNING: CPU Budget > 70% (18.9810 ms)
[PerformanceMonitor] WARNING: CPU Budget > 70% (17.5670 ms)
[PerformanceMonitor] WARNING: CPU Budget > 70% (17.5010 ms)
[PerformanceMonitor] WARNING: CPU Budget > 70% (17.5590 ms)
[PerformanceMonitor] WARNING: CPU Budget > 70% (18.0580 ms)
[PerformanceMonitor] WARNING: CPU Budget > 70% (19.2310 ms)
[PerformanceMonitor] WARNING: CPU Budget > 70% (19.8850 ms)
[PerformanceMonitor] WARNING: CPU Budget > 70% (19.5180 ms)
[PerformanceMonitor] WARNING: CPU Budget > 70% (17.9760 ms)
[PerformanceMonitor] WARNING: CPU Budget > 70% (17.5970 ms)
[PerformanceMonitor] WARNING: CPU Budget > 70% (17.6010 ms)
[PerformanceMonitor] WARNING: CPU Budget > 70% (17.5120 ms)
[PerformanceMonitor] WARNING: CPU Budget > 70% (17.5960 ms)
[PerformanceMonitor] WARNING: CPU Budget > 70% (17.5640 ms)
[PerformanceMonitor] WARNING: CPU Budget > 70% (17.5290 ms)
[PerformanceMonitor] WARNING: CPU Budget > 70% (18.4080 ms)
[PerformanceMonitor] WARNING: CPU Budget > 70% (22.5080 ms)
[PerformanceMonitor] WARNING: CPU Budget > 70% (17.4560 ms)
[PerformanceMonitor] WARNING: CPU Budget > 70% (17.5050 ms)
[PerformanceMonitor] WARNING: CPU Budget > 70% (17.5120 ms)
[PerformanceMonitor] WARNING: CPU Budget > 70% (17.8360 ms)
[PerformanceMonitor] WARNING: CPU Budget > 70% (17.7780 ms)
[PerformanceMonitor] WARNING: CPU Budget > 70% (17.4110 ms)
[PerformanceMonitor] WARNING: CPU Budget > 70% (18.3140 ms)
[PerformanceMonitor] WARNING: CPU Budget > 70% (17.5280 ms)
[PerformanceMonitor] WARNING: CPU Budget > 70% (18.5490 ms)
[PerformanceMonitor] WARNING: CPU Budget > 70% (20.7930 ms)
[PerformanceMonitor] WARNING: CPU Budget > 70% (17.4580 ms)
[PerformanceMonitor] WARNING: CPU Budget > 70% (17.8230 ms)
[PerformanceMonitor] WARNING: CPU Budget > 70% (17.5090 ms)
[PerformanceMonitor] WARNING: CPU Budget > 70% (18.0260 ms)
[PerformanceMonitor] WARNING: CPU Budget > 70% (17.5360 ms)
[PerformanceMonitor] WARNING: CPU Budget > 70% (17.5470 ms)
[PerformanceMonitor] WARNING: CPU Budget > 70% (17.8080 ms)
[PerformanceMonitor] WARNING: CPU Budget > 70% (17.4790 ms)
[PerformanceMonitor] WARNING: CPU Budget > 70% (18.0150 ms)
[PerformanceMonitor] WARNING: CPU Budget > 70% (18.0400 ms)
[PerformanceMonitor] WARNING: CPU Budget > 70% (17.7870 ms)
[PerformanceMonitor] WARNING: CPU Budget > 70% (17.8460 ms)
[PerformanceMonitor] WARNING: CPU Budget > 70% (17.4710 ms)
[PerformanceMonitor] WARNING: CPU Budget > 70% (17.8830 ms)
[PerformanceMonitor] WARNING: CPU Budget > 70% (17.6490 ms)
[PerformanceMonitor] WARNING: CPU Budget > 70% (23.3560 ms)
[PerformanceMonitor] WARNING: CPU Budget > 70% (17.8130 ms)
[PerformanceMonitor] WARNING: CPU Budget > 70% (19.9990 ms)
[PerformanceMonitor] WARNING: CPU Budget > 70% (17.9710 ms)
[PerformanceMonitor] WARNING: CPU Budget > 70% (20.1520 ms)
[PerformanceMonitor] WARNING: CPU Budget > 70% (17.4850 ms)
[PerformanceMonitor] WARNING: CPU Budget > 70% (17.4290 ms)
[PerformanceMonitor] WARNING: CPU Budget > 70% (17.8040 ms)
[PerformanceMonitor] WARNING: CPU Budget > 70% (17.6740 ms)
[PerformanceMonitor] WARNING: CPU Budget > 70% (21.0670 ms)
[PerformanceMonitor] WARNING: CPU Budget > 70% (17.5390 ms)
[PerformanceMonitor] WARNING: CPU Budget > 70% (17.4820 ms)
[PerformanceMonitor] WARNING: CPU Budget > 70% (25.6830 ms)
[PerformanceMonitor] WARNING: CPU Budget > 70% (31.9720 ms)
[PerformanceMonitor] WARNING: CPU Budget > 70% (17.6050 ms)
[PerformanceMonitor] WARNING: CPU Budget > 70% (17.5280 ms)
[PerformanceMonitor] WARNING: CPU Budget > 70% (17.5130 ms)
[PerformanceMonitor] WARNING: CPU Budget > 70% (23.9030 ms)
[PerformanceMonitor] WARNING: CPU Budget > 70% (17.6090 ms)
[PerformanceMonitor] WARNING: CPU Budget > 70% (17.4370 ms)
[PerformanceMonitor] WARNING: CPU Budget > 70% (17.2880 ms)
[PerformanceMonitor] WARNING: CPU Budget > 70% (17.2620 ms)
[PerformanceMonitor] WARNING: CPU Budget > 70% (17.6640 ms)
[PerformanceMonitor] WARNING: CPU Budget > 70% (17.7140 ms)
[PerformanceMonitor] WARNING: CPU Budget > 70% (17.3750 ms)
[PerformanceMonitor] WARNING: CPU Budget > 70% (17.3090 ms)
[PerformanceMonitor] WARNING: CPU Budget > 70% (18.0970 ms)
[PerformanceMonitor] WARNING: CPU Budget > 70% (68.2830 ms)
[PerformanceMonitor] WARNING: CPU Budget > 70% (17.5350 ms)
[PerformanceMonitor] WARNING: CPU Budget > 70% (19.0960 ms)
[PerformanceMonitor] WARNING: CPU Budget > 70% (57.3190 ms)
[PerformanceMonitor] WARNING: CPU Budget > 70% (17.9240 ms)
[PerformanceMonitor] WARNING: CPU Budget > 70% (18.4260 ms)
[PerformanceMonitor] WARNING: CPU Budget > 70% (17.8100 ms)
[PerformanceMonitor] WARNING: CPU Budget > 70% (17.8540 ms)
[PerformanceMonitor] WARNING: CPU Budget > 70% (17.8170 ms)
[PerformanceMonitor] WARNING: CPU Budget > 70% (17.4610 ms)
[PerformanceMonitor] WARNING: CPU Budget > 70% (20.9050 ms)
[PerformanceMonitor] WARNING: CPU Budget > 70% (17.6260 ms)
[PerformanceMonitor] WARNING: CPU Budget > 70% (17.5360 ms)
[PerformanceMonitor] WARNING: CPU Budget > 70% (17.3490 ms)
[PerformanceMonitor] WARNING: CPU Budget > 70% (17.2920 ms)
[PerformanceMonitor] WARNING: CPU Budget > 70% (17.4370 ms)
[PerformanceMonitor] WARNING: CPU Budget > 70% (17.5300 ms)
[PerformanceMonitor] WARNING: CPU Budget > 70% (17.7280 ms)
[PerformanceMonitor] WARNING: CPU Budget > 70% (17.3960 ms)
[PerformanceMonitor] WARNING: CPU Budget > 70% (17.7320 ms)
[PerformanceMonitor] WARNING: CPU Budget > 70% (17.4020 ms)
[PerformanceMonitor] WARNING: CPU Budget > 70% (17.4400 ms)
[PerformanceMonitor] WARNING: CPU Budget > 70% (19.8880 ms)
[PerformanceMonitor] WARNING: CPU Budget > 70% (18.3370 ms)
[PerformanceMonitor] WARNING: CPU Budget > 70% (17.3210 ms)
[PerformanceMonitor] WARNING: CPU Budget > 70% (17.5780 ms)
[PerformanceMonitor] WARNING: CPU Budget > 70% (17.4690 ms)
[PerformanceMonitor] WARNING: CPU Budget > 70% (17.7240 ms)
[PerformanceMonitor] WARNING: CPU Budget > 70% (21.5670 ms)
[PerformanceMonitor] WARNING: CPU Budget > 70% (17.5970 ms)
[PerformanceMonitor] WARNING: CPU Budget > 70% (35.0390 ms)
[PerformanceMonitor] WARNING: CPU Budget > 70% (17.2790 ms)
[PerformanceMonitor] WARNING: CPU Budget > 70% (19.1680 ms)
[PerformanceMonitor] WARNING: CPU Budget > 70% (22.4520 ms)
