[PerformanceMonitor] WARNING: CPU Budget > 70% (69.8410 ms)
[PerformanceMonitor] WARNING: CPU Budget > 70% (93.0980 ms)
[PerformanceMonitor] WARNING: CPU Budget > 70% (85.2790 ms)
[PerformanceMonitor] WARNING: CPU Budget > 70% (66.9470 ms)
[PerformanceMonitor] WARNING: CPU Budget > 70% (71.4600 ms)
[PerformanceMonitor] WARNING: CPU Budget > 70% (107.6320 ms)
Godot Engine v3.5.2.stable.custom_build - https://godotengine.org
[PerformanceMonitor] WARNING: CPU Budget > 70% (97.3280 ms)
[PerformanceMonitor] WARNING: CPU Budget > 70% (76.0890 ms)
[PerformanceMonitor] WARNING: CPU Budget > 70% (80.0500 ms)
[PerformanceMonitor] WARNING: CPU Budget > 70% (57.6230 ms)
[PerformanceMonitor] WARNING: CPU Budget > 70% (79.7380 ms)
OpenGL ES 2.0 Renderer: llvmpipe (LLVM 20.1.2, 256 bits)
[PerformanceMonitor] WARNING: CPU Budget > 70% (62.1080 ms)
[PerformanceMonitor] WARNING: CPU Budget > 70% (68.8860 ms)
[PerformanceMonitor] WARNING: CPU Budget > 70% (72.7070 ms)
ALSA lib confmisc.c:855:(parse_card) cannot find card '0'
ALSA lib conf.c:5204:(_snd_config_evaluate) function snd_func_card_inum returned error: No such file or directory
ALSA lib confmisc.c:422:(snd_func_concat) error evaluating strings
ALSA lib conf.c:5204:(_snd_config_evaluate) function snd_func_concat returned error: No such file or directory
ALSA lib confmisc.c:1342:(snd_func_refer) error evaluating name
ALSA lib conf.c:5204:(_snd_config_evaluate) function snd_func_refer returned error: No such file or directory
ALSA lib conf.c:5727:(snd_config_expand) Evaluate error: No such file or directory
ALSA lib pcm.c:2721:(snd_pcm_open_noupdate) Unknown PCM default
ERROR: Condition "status < 0" is true. Returned: ERR_CANT_OPEN
   at: init_device (drivers/alsa/audio_driver_alsa.cpp:89)
WARNING: All audio drivers failed, falling back to the dummy driver.
     at: initialize (servers/audio_server.cpp:222)

[PerformanceMonitor] WARNING: CPU Budget > 70% (59.7130 ms)
[PerformanceMonitor] WARNING: CPU Budget > 70% (60.2120 ms)
[PerformanceMonitor] WARNING: CPU Budget > 70% (66.7750 ms)
ERROR: No loader found for resource: res://addons/virtual_joystick/textures/joystick_base_outline.png.
   at: _load (core/io/resource_loader.cpp:278)
ERROR: res://addons/virtual_joystick/virtual_joystick.tscn:3 - Parse Error: [ext_resource] referenced nonexistent resource at: res://addons/virtual_joystick/textures/joystick_base_outline.png
   at: poll (scene/resources/resource_format_text.cpp:412)
ERROR: Failed to load resource 'res://addons/virtual_joystick/virtual_joystick.tscn'.
   at: load (core/io/resource_loader.cpp:206)
ERROR: Failed loading resource: res://addons/virtual_joystick/virtual_joystick.tscn. Make sure resources have been imported by opening the project in the editor at least once.
   at: _load (core/io/resource_loader.cpp:270)
ERROR: res://core_v2/ui/MobileUI.tscn:3 - Parse Error: [ext_resource] referenced nonexistent resource at: res://addons/virtual_joystick/virtual_joystick.tscn
   at: poll (scene/resources/resource_format_text.cpp:412)
ERROR: Failed to load resource 'res://core_v2/ui/MobileUI.tscn'.
   at: load (core/io/resource_loader.cpp:206)
ERROR: Failed loading resource: res://core_v2/ui/MobileUI.tscn. Make sure resources have been imported by opening the project in the editor at least once.
   at: _load (core/io/resource_loader.cpp:270)
SCRIPT ERROR: Parse Error: Can't preload resource at path: res://core_v2/ui/MobileUI.tscn
          at: GDScript::reload (res://core_v2/autoloads/MobileUIManager.gd:3)
ERROR: Script does not inherit from Node: res://core_v2/autoloads/MobileUIManager.gd
   at: start (main/main.cpp:1921)
[SessionManager] OYS Actor Registered: GhostManager -> GhostManager
[GhostManager] Initialized and registered.
[SessionManager] Enabling A.N.N.A Agent Interface... reason=ANNA_ENABLED=1
[PerformanceMonitor] WARNING: CPU Budget > 70% (70.8420 ms)
[PerformanceMonitor] WARNING: CPU Budget > 70% (84.4040 ms)
[ANNA] RL Training Mode ENABLED. Lock-step synchronization active.
[ANNA] Failed to listen on port 5000
[PerformanceMonitor] WARNING: CPU Budget > 70% (68.9560 ms)
[PerformanceMonitor] WARNING: CPU Budget > 70% (63.1990 ms)
[PerformanceMonitor] WARNING: CPU Budget > 70% (63.1810 ms)
[PerformanceMonitor] WARNING: CPU Budget > 70% (74.2790 ms)
ERROR: No loader found for resource: res://core_v2/audio/footsteps/metal/Step_Tile_01.wav.
   at: _load (core/io/resource_loader.cpp:278)
ERROR: res://core_v2/audio/footsteps/footstep_profile_default.tres:4 - Parse Error: [ext_resource] referenced nonexistent resource at: res://core_v2/audio/footsteps/metal/Step_Tile_01.wav
   at: poll (scene/resources/resource_format_text.cpp:412)
ERROR: Failed to load resource 'res://core_v2/audio/footsteps/footstep_profile_default.tres'.
   at: load (core/io/resource_loader.cpp:206)
ERROR: Failed loading resource: res://core_v2/audio/footsteps/footstep_profile_default.tres. Make sure resources have been imported by opening the project in the editor at least once.
   at: _load (core/io/resource_loader.cpp:270)
ERROR: res://core_v2/actors/Pilot_v2.tscn:15 - Parse Error: [ext_resource] referenced nonexistent resource at: res://core_v2/audio/footsteps/footstep_profile_default.tres
   at: poll (scene/resources/resource_format_text.cpp:412)
ERROR: Failed to load resource 'res://core_v2/actors/Pilot_v2.tscn'.
   at: load (core/io/resource_loader.cpp:206)
ERROR: Failed loading resource: res://core_v2/actors/Pilot_v2.tscn. Make sure resources have been imported by opening the project in the editor at least once.
   at: _load (core/io/resource_loader.cpp:270)
SCRIPT ERROR: Parse Error: Can't preload resource at path: res://core_v2/actors/Pilot_v2.tscn
          at: GDScript::reload (res://core_v2/systems/TeleportSystem.gd:236)
SCRIPT ERROR: Invalid call. Nonexistent function 'new' in base 'GDScript'.
          at: _ready (res://core_v2/autoloads/SessionManager.gd:213)
[PerformanceMonitor] Initialized
ERROR: No se encontró un nodo AnimationTree como hijo del Pivot.
   at: call (modules/gdscript/gdscript_functions.cpp:775)
[AudioManager] MixingDeskMusic NOT found. Using internal AudioStreamPlayers.
[PerformanceMonitor] LAG SPIKE DETECTED! FPS dropped from 60.0 to 1.0
[PerformanceMonitor] Report saved to user://performance_log.json
[PerformanceMonitor] WARNING: CPU Budget > 70% (59.8440 ms)
[ANNA] RL Mode: Scene loaded and stabilized. Pausing tree.
[PerformanceMonitor] WARNING: CPU Budget > 70% (63.9090 ms)
[PerformanceMonitor] WARNING: CPU Budget > 70% (85.6590 ms)
[PerformanceMonitor] WARNING: CPU Budget > 70% (54.1530 ms)
[PerformanceMonitor] WARNING: CPU Budget > 70% (84.0510 ms)
[PerformanceMonitor] WARNING: CPU Budget > 70% (60.5450 ms)
[PerformanceMonitor] WARNING: CPU Budget > 70% (84.6130 ms)
[PerformanceMonitor] WARNING: CPU Budget > 70% (80.0670 ms)
[PerformanceMonitor] WARNING: CPU Budget > 70% (73.7200 ms)
[PerformanceMonitor] WARNING: CPU Budget > 70% (73.5670 ms)
[PerformanceMonitor] WARNING: CPU Budget > 70% (66.1850 ms)
[PerformanceMonitor] WARNING: CPU Budget > 70% (66.4100 ms)
[PerformanceMonitor] WARNING: CPU Budget > 70% (64.5090 ms)
[PerformanceMonitor] WARNING: CPU Budget > 70% (75.9510 ms)
[PerformanceMonitor] WARNING: CPU Budget > 70% (72.7530 ms)
[ANNA] Client connected: 127.0.0.1
[AnnaInterface] Resolving target. Found 0 candidates.
[AnnaInterface] ERROR: No target found in group 'anna_target'
[AnnaInterface] Resolving target. Found 0 candidates.
[AnnaInterface] ERROR: No target found in group 'anna_target'
[PerformanceMonitor] WARNING: CPU Budget > 70% (66.9250 ms)
[AnnaInterface] Resolving target. Found 0 candidates.
[AnnaInterface] ERROR: No target found in group 'anna_target'
[ANNA] Client disconnected
[PerformanceMonitor] WARNING: CPU Budget > 70% (105.7670 ms)
[PerformanceMonitor] WARNING: CPU Budget > 70% (123.3230 ms)
[PerformanceMonitor] WARNING: CPU Budget > 70% (126.4240 ms)
[PerformanceMonitor] WARNING: CPU Budget > 70% (153.6580 ms)
[PerformanceMonitor] WARNING: CPU Budget > 70% (104.1620 ms)
[PerformanceMonitor] WARNING: CPU Budget > 70% (119.3690 ms)
[PerformanceMonitor] WARNING: CPU Budget > 70% (149.2370 ms)
[PerformanceMonitor] WARNING: CPU Budget > 70% (101.3190 ms)
[PerformanceMonitor] WARNING: CPU Budget > 70% (113.3620 ms)
[PerformanceMonitor] WARNING: CPU Budget > 70% (106.1380 ms)
[PerformanceMonitor] WARNING: CPU Budget > 70% (138.8860 ms)
[PerformanceMonitor] WARNING: CPU Budget > 70% (104.1690 ms)
[PerformanceMonitor] WARNING: CPU Budget > 70% (114.5560 ms)
[PerformanceMonitor] WARNING: CPU Budget > 70% (89.0010 ms)
[PerformanceMonitor] WARNING: CPU Budget > 70% (122.4980 ms)
[PerformanceMonitor] WARNING: CPU Budget > 70% (113.8660 ms)
[PerformanceMonitor] WARNING: CPU Budget > 70% (107.2660 ms)
[PerformanceMonitor] WARNING: CPU Budget > 70% (106.6590 ms)
[PerformanceMonitor] WARNING: CPU Budget > 70% (93.5080 ms)
[PerformanceMonitor] WARNING: CPU Budget > 70% (96.6900 ms)
[PerformanceMonitor] WARNING: CPU Budget > 70% (102.0580 ms)
[PerformanceMonitor] WARNING: CPU Budget > 70% (85.1240 ms)
[PerformanceMonitor] WARNING: CPU Budget > 70% (87.1120 ms)
[PerformanceMonitor] WARNING: CPU Budget > 70% (87.7710 ms)
[PerformanceMonitor] WARNING: CPU Budget > 70% (91.8980 ms)
[PerformanceMonitor] WARNING: CPU Budget > 70% (76.4560 ms)
[PerformanceMonitor] WARNING: CPU Budget > 70% (136.9080 ms)
[PerformanceMonitor] WARNING: CPU Budget > 70% (110.2420 ms)
[PerformanceMonitor] WARNING: CPU Budget > 70% (70.4360 ms)
[PerformanceMonitor] WARNING: CPU Budget > 70% (107.9390 ms)
[PerformanceMonitor] WARNING: CPU Budget > 70% (95.1740 ms)
[PerformanceMonitor] WARNING: CPU Budget > 70% (93.1370 ms)
[PerformanceMonitor] WARNING: CPU Budget > 70% (87.3570 ms)
[PerformanceMonitor] WARNING: CPU Budget > 70% (64.6290 ms)
[PerformanceMonitor] WARNING: CPU Budget > 70% (111.6160 ms)
[PerformanceMonitor] WARNING: CPU Budget > 70% (82.6170 ms)
[PerformanceMonitor] WARNING: CPU Budget > 70% (82.3520 ms)
[PerformanceMonitor] WARNING: CPU Budget > 70% (121.6290 ms)
[PerformanceMonitor] WARNING: CPU Budget > 70% (85.9710 ms)
[PerformanceMonitor] WARNING: CPU Budget > 70% (88.5060 ms)
[PerformanceMonitor] WARNING: CPU Budget > 70% (90.7610 ms)
[PerformanceMonitor] WARNING: CPU Budget > 70% (92.0600 ms)
[PerformanceMonitor] WARNING: CPU Budget > 70% (89.7590 ms)
[PerformanceMonitor] WARNING: CPU Budget > 70% (89.5100 ms)
[PerformanceMonitor] WARNING: CPU Budget > 70% (102.3150 ms)
[PerformanceMonitor] WARNING: CPU Budget > 70% (87.1310 ms)
[PerformanceMonitor] WARNING: CPU Budget > 70% (128.0480 ms)
[PerformanceMonitor] WARNING: CPU Budget > 70% (106.5610 ms)
[PerformanceMonitor] WARNING: CPU Budget > 70% (133.7430 ms)
[PerformanceMonitor] WARNING: CPU Budget > 70% (75.9570 ms)
[PerformanceMonitor] WARNING: CPU Budget > 70% (115.0350 ms)
[PerformanceMonitor] WARNING: CPU Budget > 70% (96.8710 ms)
[PerformanceMonitor] WARNING: CPU Budget > 70% (61.6860 ms)
[PerformanceMonitor] WARNING: CPU Budget > 70% (79.6460 ms)
[PerformanceMonitor] WARNING: CPU Budget > 70% (100.6830 ms)
[PerformanceMonitor] WARNING: CPU Budget > 70% (89.5380 ms)
[PerformanceMonitor] WARNING: CPU Budget > 70% (94.5660 ms)
[PerformanceMonitor] WARNING: CPU Budget > 70% (108.8790 ms)
[PerformanceMonitor] WARNING: CPU Budget > 70% (94.0570 ms)
[PerformanceMonitor] WARNING: CPU Budget > 70% (101.7740 ms)
[PerformanceMonitor] WARNING: CPU Budget > 70% (86.7320 ms)
[PerformanceMonitor] WARNING: CPU Budget > 70% (93.2280 ms)
[PerformanceMonitor] WARNING: CPU Budget > 70% (118.0860 ms)
[PerformanceMonitor] WARNING: CPU Budget > 70% (136.2810 ms)
[PerformanceMonitor] WARNING: CPU Budget > 70% (100.7290 ms)
[PerformanceMonitor] WARNING: CPU Budget > 70% (96.1750 ms)
[PerformanceMonitor] WARNING: CPU Budget > 70% (92.6310 ms)
[PerformanceMonitor] WARNING: CPU Budget > 70% (137.3590 ms)
[PerformanceMonitor] WARNING: CPU Budget > 70% (96.6270 ms)
[PerformanceMonitor] WARNING: CPU Budget > 70% (92.9210 ms)
[PerformanceMonitor] WARNING: CPU Budget > 70% (89.7220 ms)
[PerformanceMonitor] WARNING: CPU Budget > 70% (108.4280 ms)
[PerformanceMonitor] WARNING: CPU Budget > 70% (75.0830 ms)
[PerformanceMonitor] WARNING: CPU Budget > 70% (105.4160 ms)
[PerformanceMonitor] WARNING: CPU Budget > 70% (98.0790 ms)
[PerformanceMonitor] WARNING: CPU Budget > 70% (80.3600 ms)
[PerformanceMonitor] WARNING: CPU Budget > 70% (74.5900 ms)
[PerformanceMonitor] WARNING: CPU Budget > 70% (93.8080 ms)
[PerformanceMonitor] WARNING: CPU Budget > 70% (90.4750 ms)
[PerformanceMonitor] WARNING: CPU Budget > 70% (82.7620 ms)
[PerformanceMonitor] WARNING: CPU Budget > 70% (96.1210 ms)
[PerformanceMonitor] WARNING: CPU Budget > 70% (114.9370 ms)
[PerformanceMonitor] WARNING: CPU Budget > 70% (113.0880 ms)
[PerformanceMonitor] WARNING: CPU Budget > 70% (87.3520 ms)
[PerformanceMonitor] WARNING: CPU Budget > 70% (95.6810 ms)
[PerformanceMonitor] WARNING: CPU Budget > 70% (89.9090 ms)
[PerformanceMonitor] WARNING: CPU Budget > 70% (106.8460 ms)
[PerformanceMonitor] WARNING: CPU Budget > 70% (81.6910 ms)
[PerformanceMonitor] WARNING: CPU Budget > 70% (80.9360 ms)
[PerformanceMonitor] WARNING: CPU Budget > 70% (107.4370 ms)
[PerformanceMonitor] WARNING: CPU Budget > 70% (86.4230 ms)
[PerformanceMonitor] WARNING: CPU Budget > 70% (77.8200 ms)
[PerformanceMonitor] WARNING: CPU Budget > 70% (79.2820 ms)
[PerformanceMonitor] WARNING: CPU Budget > 70% (93.3180 ms)
[PerformanceMonitor] WARNING: CPU Budget > 70% (75.0720 ms)
[PerformanceMonitor] WARNING: CPU Budget > 70% (129.7090 ms)
[PerformanceMonitor] WARNING: CPU Budget > 70% (86.8970 ms)
[PerformanceMonitor] WARNING: CPU Budget > 70% (87.1620 ms)
[PerformanceMonitor] WARNING: CPU Budget > 70% (223.9940 ms)
[PerformanceMonitor] WARNING: CPU Budget > 70% (133.9130 ms)
[PerformanceMonitor] WARNING: CPU Budget > 70% (103.2470 ms)
[PerformanceMonitor] WARNING: CPU Budget > 70% (102.3930 ms)
[PerformanceMonitor] WARNING: CPU Budget > 70% (124.7540 ms)
[PerformanceMonitor] WARNING: CPU Budget > 70% (124.3190 ms)
[PerformanceMonitor] WARNING: CPU Budget > 70% (161.7350 ms)
[PerformanceMonitor] WARNING: CPU Budget > 70% (71.9010 ms)
[PerformanceMonitor] WARNING: CPU Budget > 70% (106.7510 ms)
[PerformanceMonitor] WARNING: CPU Budget > 70% (126.4840 ms)
[PerformanceMonitor] WARNING: CPU Budget > 70% (80.7290 ms)
[PerformanceMonitor] WARNING: CPU Budget > 70% (75.1460 ms)
[PerformanceMonitor] WARNING: CPU Budget > 70% (88.5030 ms)
[PerformanceMonitor] WARNING: CPU Budget > 70% (111.5520 ms)
[PerformanceMonitor] WARNING: CPU Budget > 70% (99.2120 ms)
[PerformanceMonitor] WARNING: CPU Budget > 70% (122.5700 ms)
[PerformanceMonitor] WARNING: CPU Budget > 70% (98.4180 ms)
[PerformanceMonitor] WARNING: CPU Budget > 70% (77.7880 ms)
[PerformanceMonitor] WARNING: CPU Budget > 70% (104.0700 ms)
[PerformanceMonitor] WARNING: CPU Budget > 70% (92.3750 ms)
[PerformanceMonitor] WARNING: CPU Budget > 70% (76.6970 ms)
[PerformanceMonitor] WARNING: CPU Budget > 70% (70.1040 ms)
[PerformanceMonitor] WARNING: CPU Budget > 70% (60.1780 ms)
[PerformanceMonitor] WARNING: CPU Budget > 70% (68.4610 ms)
[PerformanceMonitor] WARNING: CPU Budget > 70% (62.0170 ms)
[PerformanceMonitor] WARNING: CPU Budget > 70% (63.6970 ms)
[PerformanceMonitor] WARNING: CPU Budget > 70% (98.2620 ms)
[PerformanceMonitor] WARNING: CPU Budget > 70% (74.8110 ms)
[PerformanceMonitor] WARNING: CPU Budget > 70% (85.9600 ms)
[PerformanceMonitor] WARNING: CPU Budget > 70% (86.0740 ms)
[PerformanceMonitor] WARNING: CPU Budget > 70% (75.6820 ms)
[PerformanceMonitor] WARNING: CPU Budget > 70% (74.5480 ms)
[PerformanceMonitor] WARNING: CPU Budget > 70% (75.5210 ms)
[PerformanceMonitor] WARNING: CPU Budget > 70% (106.2390 ms)
[PerformanceMonitor] WARNING: CPU Budget > 70% (73.6420 ms)
[PerformanceMonitor] WARNING: CPU Budget > 70% (135.4090 ms)
[PerformanceMonitor] WARNING: CPU Budget > 70% (69.3110 ms)
[PerformanceMonitor] WARNING: CPU Budget > 70% (70.2400 ms)
[PerformanceMonitor] WARNING: CPU Budget > 70% (64.1520 ms)
[PerformanceMonitor] WARNING: CPU Budget > 70% (69.5020 ms)
[PerformanceMonitor] WARNING: CPU Budget > 70% (79.8420 ms)
[PerformanceMonitor] WARNING: CPU Budget > 70% (74.8960 ms)
[PerformanceMonitor] WARNING: CPU Budget > 70% (79.9520 ms)
[PerformanceMonitor] WARNING: CPU Budget > 70% (76.1580 ms)
[PerformanceMonitor] WARNING: CPU Budget > 70% (65.8170 ms)
[PerformanceMonitor] WARNING: CPU Budget > 70% (59.8850 ms)
[PerformanceMonitor] WARNING: CPU Budget > 70% (79.4400 ms)
[PerformanceMonitor] WARNING: CPU Budget > 70% (75.8230 ms)
[PerformanceMonitor] WARNING: CPU Budget > 70% (127.8140 ms)
[PerformanceMonitor] WARNING: CPU Budget > 70% (110.3290 ms)
[PerformanceMonitor] WARNING: CPU Budget > 70% (107.0670 ms)
[PerformanceMonitor] WARNING: CPU Budget > 70% (99.6620 ms)
[PerformanceMonitor] WARNING: CPU Budget > 70% (82.9910 ms)
[PerformanceMonitor] WARNING: CPU Budget > 70% (135.7640 ms)
[PerformanceMonitor] WARNING: CPU Budget > 70% (71.3440 ms)
[PerformanceMonitor] WARNING: CPU Budget > 70% (75.1160 ms)
[PerformanceMonitor] WARNING: CPU Budget > 70% (90.0000 ms)
[PerformanceMonitor] WARNING: CPU Budget > 70% (92.6890 ms)
[PerformanceMonitor] WARNING: CPU Budget > 70% (71.3680 ms)
[PerformanceMonitor] WARNING: CPU Budget > 70% (64.8410 ms)
[PerformanceMonitor] WARNING: CPU Budget > 70% (76.4000 ms)
[PerformanceMonitor] WARNING: CPU Budget > 70% (131.5970 ms)
[PerformanceMonitor] WARNING: CPU Budget > 70% (65.0880 ms)
[PerformanceMonitor] WARNING: CPU Budget > 70% (62.0170 ms)
[PerformanceMonitor] WARNING: CPU Budget > 70% (70.3780 ms)
[PerformanceMonitor] WARNING: CPU Budget > 70% (102.5850 ms)
[PerformanceMonitor] WARNING: CPU Budget > 70% (67.2780 ms)
[PerformanceMonitor] WARNING: CPU Budget > 70% (72.5580 ms)
[PerformanceMonitor] WARNING: CPU Budget > 70% (93.6990 ms)
[PerformanceMonitor] WARNING: CPU Budget > 70% (75.0200 ms)
[PerformanceMonitor] WARNING: CPU Budget > 70% (90.9480 ms)
[PerformanceMonitor] WARNING: CPU Budget > 70% (91.3740 ms)
[PerformanceMonitor] WARNING: CPU Budget > 70% (89.8340 ms)
[PerformanceMonitor] WARNING: CPU Budget > 70% (90.0110 ms)
[PerformanceMonitor] WARNING: CPU Budget > 70% (91.7800 ms)
[PerformanceMonitor] WARNING: CPU Budget > 70% (100.7880 ms)
[PerformanceMonitor] WARNING: CPU Budget > 70% (70.2370 ms)
[PerformanceMonitor] WARNING: CPU Budget > 70% (103.3380 ms)
[PerformanceMonitor] WARNING: CPU Budget > 70% (80.7290 ms)
[PerformanceMonitor] WARNING: CPU Budget > 70% (107.6030 ms)
[PerformanceMonitor] WARNING: CPU Budget > 70% (85.8760 ms)
[PerformanceMonitor] WARNING: CPU Budget > 70% (95.4380 ms)
[PerformanceMonitor] WARNING: CPU Budget > 70% (129.5770 ms)
[PerformanceMonitor] WARNING: CPU Budget > 70% (87.1240 ms)
[PerformanceMonitor] WARNING: CPU Budget > 70% (110.5090 ms)
[PerformanceMonitor] WARNING: CPU Budget > 70% (60.2430 ms)
[PerformanceMonitor] WARNING: CPU Budget > 70% (75.2290 ms)
[PerformanceMonitor] WARNING: CPU Budget > 70% (80.0380 ms)
[PerformanceMonitor] WARNING: CPU Budget > 70% (67.4610 ms)
[PerformanceMonitor] WARNING: CPU Budget > 70% (62.1790 ms)
[PerformanceMonitor] WARNING: CPU Budget > 70% (59.8040 ms)
[PerformanceMonitor] WARNING: CPU Budget > 70% (78.2150 ms)
[PerformanceMonitor] WARNING: CPU Budget > 70% (85.5180 ms)
[PerformanceMonitor] WARNING: CPU Budget > 70% (101.2370 ms)
[PerformanceMonitor] WARNING: CPU Budget > 70% (70.3290 ms)
[PerformanceMonitor] WARNING: CPU Budget > 70% (60.9320 ms)
[PerformanceMonitor] WARNING: CPU Budget > 70% (61.1850 ms)
[PerformanceMonitor] WARNING: CPU Budget > 70% (77.3030 ms)
[PerformanceMonitor] WARNING: CPU Budget > 70% (68.8220 ms)
[PerformanceMonitor] WARNING: CPU Budget > 70% (72.5230 ms)
[PerformanceMonitor] WARNING: CPU Budget > 70% (76.5110 ms)
[PerformanceMonitor] WARNING: CPU Budget > 70% (60.6230 ms)
[PerformanceMonitor] WARNING: CPU Budget > 70% (63.8120 ms)
[PerformanceMonitor] WARNING: CPU Budget > 70% (60.7080 ms)
[PerformanceMonitor] WARNING: CPU Budget > 70% (60.6890 ms)
[PerformanceMonitor] WARNING: CPU Budget > 70% (77.9000 ms)
[PerformanceMonitor] WARNING: CPU Budget > 70% (60.0240 ms)
[PerformanceMonitor] WARNING: CPU Budget > 70% (62.4210 ms)
[PerformanceMonitor] WARNING: CPU Budget > 70% (84.9350 ms)
[PerformanceMonitor] WARNING: CPU Budget > 70% (70.7090 ms)
[PerformanceMonitor] WARNING: CPU Budget > 70% (61.5050 ms)
[PerformanceMonitor] WARNING: CPU Budget > 70% (87.7130 ms)
[PerformanceMonitor] WARNING: CPU Budget > 70% (92.2970 ms)
[PerformanceMonitor] WARNING: CPU Budget > 70% (83.7080 ms)
[PerformanceMonitor] WARNING: CPU Budget > 70% (97.6700 ms)
[PerformanceMonitor] WARNING: CPU Budget > 70% (69.2110 ms)
[PerformanceMonitor] WARNING: CPU Budget > 70% (72.0860 ms)
[PerformanceMonitor] WARNING: CPU Budget > 70% (87.2690 ms)
[PerformanceMonitor] WARNING: CPU Budget > 70% (83.5520 ms)
[PerformanceMonitor] WARNING: CPU Budget > 70% (111.4720 ms)
[PerformanceMonitor] WARNING: CPU Budget > 70% (70.0670 ms)
[PerformanceMonitor] WARNING: CPU Budget > 70% (112.3460 ms)
[PerformanceMonitor] WARNING: CPU Budget > 70% (90.1590 ms)
[PerformanceMonitor] WARNING: CPU Budget > 70% (80.0850 ms)
[PerformanceMonitor] WARNING: CPU Budget > 70% (113.0770 ms)
[PerformanceMonitor] WARNING: CPU Budget > 70% (78.6240 ms)
[PerformanceMonitor] WARNING: CPU Budget > 70% (92.3550 ms)
[PerformanceMonitor] WARNING: CPU Budget > 70% (93.9560 ms)
[PerformanceMonitor] WARNING: CPU Budget > 70% (71.6510 ms)
[PerformanceMonitor] WARNING: CPU Budget > 70% (79.9130 ms)
[PerformanceMonitor] WARNING: CPU Budget > 70% (71.6890 ms)
[PerformanceMonitor] WARNING: CPU Budget > 70% (64.7390 ms)
[PerformanceMonitor] WARNING: CPU Budget > 70% (79.9350 ms)
[PerformanceMonitor] WARNING: CPU Budget > 70% (61.2150 ms)
[PerformanceMonitor] WARNING: CPU Budget > 70% (83.2840 ms)
[PerformanceMonitor] WARNING: CPU Budget > 70% (80.3830 ms)
[PerformanceMonitor] WARNING: CPU Budget > 70% (76.7750 ms)
[PerformanceMonitor] WARNING: CPU Budget > 70% (77.6710 ms)
[PerformanceMonitor] WARNING: CPU Budget > 70% (75.2040 ms)
[PerformanceMonitor] WARNING: CPU Budget > 70% (75.5510 ms)
[PerformanceMonitor] WARNING: CPU Budget > 70% (89.8980 ms)
[PerformanceMonitor] WARNING: CPU Budget > 70% (75.8960 ms)
[PerformanceMonitor] WARNING: CPU Budget > 70% (78.4760 ms)
[PerformanceMonitor] WARNING: CPU Budget > 70% (83.4760 ms)
[PerformanceMonitor] WARNING: CPU Budget > 70% (61.0010 ms)
[PerformanceMonitor] WARNING: CPU Budget > 70% (64.4210 ms)
[PerformanceMonitor] WARNING: CPU Budget > 70% (72.1200 ms)
[PerformanceMonitor] WARNING: CPU Budget > 70% (79.8740 ms)
[PerformanceMonitor] WARNING: CPU Budget > 70% (79.6840 ms)
[PerformanceMonitor] WARNING: CPU Budget > 70% (118.3090 ms)
[PerformanceMonitor] WARNING: CPU Budget > 70% (73.4390 ms)
[PerformanceMonitor] WARNING: CPU Budget > 70% (90.7910 ms)
[PerformanceMonitor] WARNING: CPU Budget > 70% (87.5700 ms)
[PerformanceMonitor] WARNING: CPU Budget > 70% (66.1460 ms)
[PerformanceMonitor] WARNING: CPU Budget > 70% (74.5430 ms)
[PerformanceMonitor] WARNING: CPU Budget > 70% (77.7210 ms)
[PerformanceMonitor] WARNING: CPU Budget > 70% (68.3410 ms)
[PerformanceMonitor] WARNING: CPU Budget > 70% (71.8520 ms)
[PerformanceMonitor] WARNING: CPU Budget > 70% (76.4810 ms)
[PerformanceMonitor] WARNING: CPU Budget > 70% (97.1050 ms)
[PerformanceMonitor] WARNING: CPU Budget > 70% (73.2690 ms)
[PerformanceMonitor] WARNING: CPU Budget > 70% (72.9210 ms)
[PerformanceMonitor] WARNING: CPU Budget > 70% (67.4720 ms)
[PerformanceMonitor] WARNING: CPU Budget > 70% (62.9900 ms)
[PerformanceMonitor] WARNING: CPU Budget > 70% (75.9090 ms)
[PerformanceMonitor] WARNING: CPU Budget > 70% (69.2250 ms)
[PerformanceMonitor] WARNING: CPU Budget > 70% (55.8490 ms)
[PerformanceMonitor] WARNING: CPU Budget > 70% (83.8670 ms)
[PerformanceMonitor] WARNING: CPU Budget > 70% (85.8250 ms)
[PerformanceMonitor] WARNING: CPU Budget > 70% (55.5940 ms)
[PerformanceMonitor] WARNING: CPU Budget > 70% (91.9730 ms)
[PerformanceMonitor] WARNING: CPU Budget > 70% (62.0750 ms)
[PerformanceMonitor] WARNING: CPU Budget > 70% (55.7550 ms)
[PerformanceMonitor] WARNING: CPU Budget > 70% (60.2320 ms)
[PerformanceMonitor] WARNING: CPU Budget > 70% (62.5010 ms)
[PerformanceMonitor] WARNING: CPU Budget > 70% (82.3340 ms)
[PerformanceMonitor] WARNING: CPU Budget > 70% (56.1500 ms)
[PerformanceMonitor] WARNING: CPU Budget > 70% (81.3910 ms)
[PerformanceMonitor] WARNING: CPU Budget > 70% (84.2080 ms)
[PerformanceMonitor] WARNING: CPU Budget > 70% (68.4780 ms)
[PerformanceMonitor] WARNING: CPU Budget > 70% (70.6570 ms)
[PerformanceMonitor] WARNING: CPU Budget > 70% (70.5520 ms)
[PerformanceMonitor] WARNING: CPU Budget > 70% (87.1150 ms)
[PerformanceMonitor] WARNING: CPU Budget > 70% (59.0610 ms)
[PerformanceMonitor] WARNING: CPU Budget > 70% (60.3610 ms)
[PerformanceMonitor] WARNING: CPU Budget > 70% (72.0780 ms)
[PerformanceMonitor] WARNING: CPU Budget > 70% (83.3990 ms)
[PerformanceMonitor] WARNING: CPU Budget > 70% (67.6000 ms)
[PerformanceMonitor] WARNING: CPU Budget > 70% (74.4890 ms)
[PerformanceMonitor] WARNING: CPU Budget > 70% (79.0270 ms)
[PerformanceMonitor] WARNING: CPU Budget > 70% (78.3840 ms)
[PerformanceMonitor] WARNING: CPU Budget > 70% (85.2790 ms)
[PerformanceMonitor] WARNING: CPU Budget > 70% (109.5280 ms)
[PerformanceMonitor] WARNING: CPU Budget > 70% (74.2730 ms)
[PerformanceMonitor] WARNING: CPU Budget > 70% (76.9360 ms)
[PerformanceMonitor] WARNING: CPU Budget > 70% (83.4800 ms)
[PerformanceMonitor] WARNING: CPU Budget > 70% (86.2530 ms)
[PerformanceMonitor] WARNING: CPU Budget > 70% (82.2000 ms)
[PerformanceMonitor] WARNING: CPU Budget > 70% (93.4620 ms)
[PerformanceMonitor] WARNING: CPU Budget > 70% (60.2340 ms)
[PerformanceMonitor] WARNING: CPU Budget > 70% (84.1020 ms)
[PerformanceMonitor] WARNING: CPU Budget > 70% (86.3660 ms)
[PerformanceMonitor] WARNING: CPU Budget > 70% (57.6020 ms)
[PerformanceMonitor] WARNING: CPU Budget > 70% (77.2460 ms)
[PerformanceMonitor] WARNING: CPU Budget > 70% (94.6750 ms)
[PerformanceMonitor] WARNING: CPU Budget > 70% (66.8660 ms)
[PerformanceMonitor] WARNING: CPU Budget > 70% (78.4870 ms)
[PerformanceMonitor] WARNING: CPU Budget > 70% (71.1370 ms)
[PerformanceMonitor] WARNING: CPU Budget > 70% (56.5670 ms)
[PerformanceMonitor] WARNING: CPU Budget > 70% (73.7220 ms)
[PerformanceMonitor] WARNING: CPU Budget > 70% (62.9460 ms)
[PerformanceMonitor] WARNING: CPU Budget > 70% (65.6500 ms)
[PerformanceMonitor] WARNING: CPU Budget > 70% (66.2890 ms)
[PerformanceMonitor] WARNING: CPU Budget > 70% (72.9550 ms)
[PerformanceMonitor] WARNING: CPU Budget > 70% (73.8840 ms)
[PerformanceMonitor] WARNING: CPU Budget > 70% (74.3020 ms)
[PerformanceMonitor] WARNING: CPU Budget > 70% (71.3370 ms)
[PerformanceMonitor] WARNING: CPU Budget > 70% (60.7900 ms)
[PerformanceMonitor] WARNING: CPU Budget > 70% (70.9270 ms)
